Compiler stub: compiler.ml
[info] -f: /Users/kodamay/dofbot_pi5/aipl/r_sort.repl
[script] /Users/kodamay/dofbot_pi5/aipl/r_sort.repl
[script] load /Users/kodamay/dofbot_pi5/aipl/sort.aipl
[Loaded] /Users/kodamay/dofbot_pi5/aipl/sort.aipl
[script] compile
[Defined class Dancer]
[Registered types for class Dancer: go/2]
[Defined class Eye]
[Registered types for class Eye: locate/2, lower/2, held/1, get/2]
[Defined class Planner]
[Registered types for class Planner: sort/4]
[Defined class Main]
[Registered types for class Main: run/3]
[Compiled]
[Script execution completed]
== 1. simulator (Mac)
  pose 90 90 90 90 90 30 2600  -> ok pose 90 90 90 90 90 30 ms=2600
ABCL/c+> 
[REPL thread error] Thread.Exit
  locate(sim, grip 30 any) = green
  base = 100
  pre = 61 41 3
  try 1: green cube at base 100
  set 6 30 500  -> ok set 6 -> 30 ms=500
  pose 100 80 50 50 90 30 2000  -> ok pose 100 80 50 50 90 30 ms=2000
  lower(here 30) = ok 1.2
  set 6 145 800  -> ok set 6 -> 145 ms=800
  held(sim) = yes
  pose 100 61 41 3 90 145 2500  -> ok pose 100 61 41 3 90 145 ms=2500
  pose 100 80 50 50 90 145 3000  -> ok pose 100 80 50 50 90 145 ms=3000
  held(sim) = yes
  green -> right
  pose 150 80 50 50 90 145 2600  -> ok pose 150 80 50 50 90 145 ms=2600
  lower(150 17 145) = ok 1.2
  set 6 30 600  -> ok set 6 -> 30 ms=600
  pose 150 80 50 50 90 30 2000  -> ok pose 150 80 50 50 90 30 ms=2000
  placed 1 cube(s)
  locate(sim, grip 30 blue) = blue
  base = 81
  pre = 61 41 3
  try 2: blue cube at base 81
  set 6 30 500  -> ok set 6 -> 30 ms=500
  pose 81 80 50 50 90 30 2000  -> ok pose 81 80 50 50 90 30 ms=2000
  lower(here 30) = ok 1.2
  set 6 145 800  -> ok set 6 -> 145 ms=800
  held(sim) = yes
  pose 81 61 41 3 90 145 2500  -> ok pose 81 61 41 3 90 145 ms=2500
  pose 81 80 50 50 90 145 3000  -> ok pose 81 80 50 50 90 145 ms=3000
  held(sim) = yes
  blue -> left
  pose 30 80 50 50 90 145 2600  -> ok pose 30 80 50 50 90 145 ms=2600
  lower(30 17 145) = ok 1.2
  set 6 30 600  -> ok set 6 -> 30 ms=600
  pose 30 80 50 50 90 30 2000  -> ok pose 30 80 50 50 90 30 ms=2000
  placed 2 cube(s)
  pose 90 90 90 90 90 30 3100  -> ok pose 90 90 90 90 90 30 ms=3100
== simulator placed 2 cube(s)
== 2. real arm (Xinu board)
  pose 90 90 90 90 90 30 2600  -> ok pose 90 90 90 90 90 30 ms=2600
  locate(real, grip 30 any) = blue
  base = 68
  pre = 63 34 13
  try 1: blue cube at base 68
  set 6 30 500  -> ok set 6 -> 30 ms=500
  pose 68 80 50 50 90 30 2000  -> ok pose 68 80 50 50 90 30 ms=2000
  lower(here 30) = ok 1.2
  set 6 145 800  -> ok set 6 -> 145 ms=800
  held(real) = no
  pose 68 63 34 13 90 145 2500  -> ok pose 68 63 34 13 90 145 ms=2500
  pose 68 80 50 50 90 145 3000  -> ok pose 68 80 50 50 90 145 ms=3000
  held(real) = no
  try 1: the fingers closed on nothing — open, look again
  set 6 30 500  -> ok set 6 -> 30 ms=500
  locate(real, grip 30 any) = blue
  base = 68
  pre = 53 50 7
  try 2: blue cube at base 68
  set 6 30 500  -> ok set 6 -> 30 ms=500
  pose 68 80 50 50 90 30 2000  -> ok pose 68 80 50 50 90 30 ms=2000
  lower(here 30) = ok 1.2
  set 6 145 800  -> ok set 6 -> 145 ms=800
  held(real) = yes
  pose 68 53 50 7 90 145 2500  -> ok pose 68 53 50 7 90 145 ms=2500
  pose 68 80 50 50 90 145 3000  -> ok pose 68 80 50 50 90 145 ms=3000
  held(real) = yes
  blue -> left
  pose 30 80 50 50 90 145 2600  -> ok pose 30 80 50 50 90 145 ms=2600
  lower(30 17 145) = ok 1.2
  set 6 30 600  -> ok set 6 -> 30 ms=600
  pose 30 80 50 50 90 30 2000  -> ok pose 30 80 50 50 90 30 ms=2000
  placed 1 cube(s)
  locate(real, grip 30 green) = green
  base = 103
  pre = 65 32 13
  try 3: green cube at base 103
  set 6 30 500  -> ok set 6 -> 30 ms=500
  pose 103 80 50 50 90 30 2000  -> ok pose 103 80 50 50 90 30 ms=2000
  lower(here 30) = ok 1.2
  set 6 145 800  -> ok set 6 -> 145 ms=800
  held(real) = yes
  pose 103 65 32 13 90 145 2500  -> ok pose 103 65 32 13 90 145 ms=2500
  pose 103 80 50 50 90 145 3000  -> ok pose 103 80 50 50 90 145 ms=3000
  held(real) = yes
  green -> right
  pose 150 80 50 50 90 145 2600  -> ok pose 150 80 50 50 90 145 ms=2600
  lower(150 17 145) = ok 1.2
  set 6 30 600  -> ok set 6 -> 30 ms=600
  pose 150 80 50 50 90 30 2000  -> ok pose 150 80 50 50 90 30 ms=2000
  placed 2 cube(s)
  pose 90 90 90 90 90 30 3100  -> ok pose 90 90 90 90 90 30 ms=3100
== real arm placed 2 cube(s)
== done
