Compiler stub: compiler.ml
[info] -f: /Users/kodamay/dofbot_pi5/aipl/r_sort_real.repl
[script] /Users/kodamay/dofbot_pi5/aipl/r_sort_real.repl
[script] load /Users/kodamay/dofbot_pi5/aipl/sort_real.aipl
[Loaded] /Users/kodamay/dofbot_pi5/aipl/sort_real.aipl
[script] compile
[Defined class Dancer]
[Registered types for class Dancer: go/2]
[Defined class Eye]
[Registered types for class Eye: locate/2, lower/2, held/1, get/2]
[Defined class Planner]
[Registered types for class Planner: sort/4]
[Defined class Main]
[Registered types for class Main: run/3]
[Compiled]
[Script execution completed]
== 2. real arm (Xinu board)
  pose 90 90 90 90 90 30 2600  -> ok pose 90 90 90 90 90 30 ms=2600
ABCL/c+> 
[REPL thread error] Thread.Exit
  locate(real, grip 30 any) = blue
  base = 109
  pre = 62 36 12
  try 1: blue cube at base 109
  set 6 30 500  -> ok set 6 -> 30 ms=500
  pose 109 80 50 50 90 30 2000  -> ok pose 109 80 50 50 90 30 ms=2000
  lower(here 30) = ok 1.2
  set 6 145 800  -> ok set 6 -> 145 ms=800
  held(real) = no
  pose 109 62 36 12 90 145 2500  -> ok pose 109 62 36 12 90 145 ms=2500
  pose 109 80 50 50 90 145 3000  -> ok pose 109 80 50 50 90 145 ms=3000
  held(real) = no
  try 1: the fingers closed on nothing — open, look again
  set 6 30 500  -> ok set 6 -> 30 ms=500
  locate(real, grip 30 any) = green
  base = 70
  pre = 79 17 9
  try 2: green cube at base 70
  set 6 30 500  -> ok set 6 -> 30 ms=500
  pose 70 80 50 50 90 30 2000  -> FAIL pose rc=-2 70 80 50 50 90 30 ms=2000
  lower(here 30) = ok 1.2
  set 6 145 800  -> ok set 6 -> 145 ms=800
  held(real) = err
  pose 70 79 17 9 90 145 2500  -> ok pose 70 79 17 9 90 145 ms=2500
  pose 70 80 50 50 90 145 3000  -> ok pose 70 80 50 50 90 145 ms=3000
  held(real) = err
  try 2: the fingers closed on nothing — open, look again
  set 6 30 500  -> ok set 6 -> 30 ms=500
  locate(real, grip 30 any) = green
  base = 81
  pre = 66 34 5
  try 3: green cube at base 81
  set 6 30 500  -> ok set 6 -> 30 ms=500
  pose 81 80 50 50 90 30 2000  -> ok pose 81 80 50 50 90 30 ms=2000
  lower(here 30) = ok 1.2
  set 6 145 800  -> ok set 6 -> 145 ms=800
  held(real) = err
  pose 81 66 34 5 90 145 2500  -> ok pose 81 66 34 5 90 145 ms=2500
  pose 81 80 50 50 90 145 3000  -> ok pose 81 80 50 50 90 145 ms=3000
  held(real) = err
  try 3: the fingers closed on nothing — open, look again
  set 6 30 500  -> ok set 6 -> 30 ms=500
  locate(real, grip 30 any) = green
  base = 81
  pre = 66 34 5
  try 4: green cube at base 81
  set 6 30 500  -> ok set 6 -> 30 ms=500
  pose 81 80 50 50 90 30 2000  -> ok pose 81 80 50 50 90 30 ms=2000
  lower(here 30) = ok 1.2
  set 6 145 800  -> ok set 6 -> 145 ms=800
  held(real) = err
  pose 81 66 34 5 90 145 2500  -> ok pose 81 66 34 5 90 145 ms=2500
  pose 81 80 50 50 90 145 3000  -> ok pose 81 80 50 50 90 145 ms=3000
  held(real) = err
  try 4: the fingers closed on nothing — open, look again
  set 6 30 500  -> ok set 6 -> 30 ms=500
  locate(real, grip 30 any) = green
  base = 107
  pre = 62 35 12
  try 5: green cube at base 107
  set 6 30 500  -> ok set 6 -> 30 ms=500
  pose 107 80 50 50 90 30 2000  -> ok pose 107 80 50 50 90 30 ms=2000
  lower(here 30) = ok 1.2
  set 6 145 800  -> ok set 6 -> 145 ms=800
  held(real) = err
  pose 107 62 35 12 90 145 2500  -> ok pose 107 62 35 12 90 145 ms=2500
  pose 107 80 50 50 90 145 3000  -> ok pose 107 80 50 50 90 145 ms=3000
  held(real) = err
  try 5: the fingers closed on nothing — open, look again
  set 6 30 500  -> ok set 6 -> 30 ms=500
