Compiler stub: compiler.ml
[info] -f: /Users/kodamay/dofbot_pi5/aipl/r_sort_real.repl
[script] /Users/kodamay/dofbot_pi5/aipl/r_sort_real.repl
[script] load /Users/kodamay/dofbot_pi5/aipl/sort_real.aipl
[Loaded] /Users/kodamay/dofbot_pi5/aipl/sort_real.aipl
[script] compile
[Defined class Dancer]
[Registered types for class Dancer: go/2]
[Defined class Eye]
[Registered types for class Eye: locate/2, lower/2, held/1, get/2]
[Defined class Planner]
[Registered types for class Planner: sort/4]
[Defined class Main]
[Registered types for class Main: run/3]
[Compiled]
[Script execution completed]
== 2. real arm (Xinu board)
  pose 90 90 90 90 90 30 2600  -> ok pose 90 90 90 90 90 30 ms=2600
ABCL/c+> 
[REPL thread error] Thread.Exit
  locate(real, grip 30 any) = blue
  base = 127
  pre = 37 73 5
  try 1: blue cube at base 127
  set 6 30 500  -> ok set 6 -> 30 ms=500
  pose 127 80 50 50 90 30 2000  -> ok pose 127 80 50 50 90 30 ms=2000
  lower(here 30) = ok 1.2
  set 6 145 800  -> ok set 6 -> 145 ms=800
  held(real) = err
  pose 127 37 73 5 90 145 2500  -> ok pose 127 37 73 5 90 145 ms=2500
  pose 127 80 50 50 90 145 3000  -> ok pose 127 80 50 50 90 145 ms=3000
  held(real) = err
  try 1: the fingers closed on nothing — open, look again
  set 6 30 500  -> ok set 6 -> 30 ms=500
  locate(real, grip 30 any) = blue
  base = 86
  pre = 53 40 27
  try 2: blue cube at base 86
  set 6 30 500  -> ok set 6 -> 30 ms=500
  pose 86 80 50 50 90 30 2000  -> ok pose 86 80 50 50 90 30 ms=2000
  lower(here 30) = ok 1.2
  set 6 145 800  -> ok set 6 -> 145 ms=800
  held(real) = err
  pose 86 53 40 27 90 145 2500  -> ok pose 86 53 40 27 90 145 ms=2500
  pose 86 80 50 50 90 145 3000  -> ok pose 86 80 50 50 90 145 ms=3000
  held(real) = err
  try 2: the fingers closed on nothing — open, look again
  set 6 30 500  -> ok set 6 -> 30 ms=500
  locate(real, grip 30 any) = blue
  base = 103
  pre = 56 48 0
  try 3: blue cube at base 103
  set 6 30 500  -> ok set 6 -> 30 ms=500
  pose 103 80 50 50 90 30 2000  -> ok pose 103 80 50 50 90 30 ms=2000
  lower(here 30) = ok 1.2
  set 6 145 800  -> ok set 6 -> 145 ms=800
  held(real) = err
  pose 103 56 48 0 90 145 2500  -> ok pose 103 56 48 0 90 145 ms=2500
  pose 103 80 50 50 90 145 3000  -> ok pose 103 80 50 50 90 145 ms=3000
  held(real) = err
  try 3: the fingers closed on nothing — open, look again
  set 6 30 500  -> ok set 6 -> 30 ms=500
  locate(real, grip 30 any) = blue
  base = 59
  pre = 59 45 2
  try 4: blue cube at base 59
  set 6 30 500  -> ok set 6 -> 30 ms=500
  pose 59 80 50 50 90 30 2000  -> ok pose 59 80 50 50 90 30 ms=2000
  lower(here 30) = ok 1.2
  set 6 145 800  -> ok set 6 -> 145 ms=800
  held(real) = err
  pose 59 59 45 2 90 145 2500  -> ok pose 59 59 45 2 90 145 ms=2500
  pose 59 80 50 50 90 145 3000  -> ok pose 59 80 50 50 90 145 ms=3000
  held(real) = err
  try 4: the fingers closed on nothing — open, look again
  set 6 30 500  -> ok set 6 -> 30 ms=500
