Compiler stub: compiler.ml
[info] -f: /Users/kodamay/dofbot_pi5/aipl/r_sort_real.repl
[script] /Users/kodamay/dofbot_pi5/aipl/r_sort_real.repl
[script] load /Users/kodamay/dofbot_pi5/aipl/sort_real.aipl
[Loaded] /Users/kodamay/dofbot_pi5/aipl/sort_real.aipl
[script] compile
[Defined class Dancer]
[Registered types for class Dancer: go/2]
[Defined class Eye]
[Registered types for class Eye: locate/2, lower/2, held/1, get/2]
[Defined class Planner]
[Registered types for class Planner: sort/4]
[Defined class Main]
[Registered types for class Main: run/3]
[Compiled]
[Script execution completed]
== 2. real arm (Xinu board)
  pose 90 90 90 90 90 30 2600  -> ok pose 90 90 90 90 90 30 ms=2600
ABCL/c+> 
[REPL thread error] Thread.Exit
  locate(real, grip 30 any) = green
  base = 56
  pre = 73 24 8
  try 1: green cube at base 56
  set 6 30 500  -> ok set 6 -> 30 ms=500
  pose 56 80 50 50 90 30 2000  -> ok pose 56 80 50 50 90 30 ms=2000
  lower(here 30) = ok 1.2
  set 6 145 800  -> ok set 6 -> 145 ms=800
  held(real) = err
