Compiler stub: compiler.ml
[info] -f: /Users/kodamay/dofbot_pi5/aipl/r_sort.repl
[script] /Users/kodamay/dofbot_pi5/aipl/r_sort.repl
[script] load /Users/kodamay/dofbot_pi5/aipl/sort.aipl
[Loaded] /Users/kodamay/dofbot_pi5/aipl/sort.aipl
[script] compile
[Defined class Dancer]
[Registered types for class Dancer: go/2]
[Defined class Eye]
[Registered types for class Eye: locate/2, lower/2, held/1, get/2]
[Defined class Planner]
[Registered types for class Planner: sort/4]
[Defined class Main]
[Registered types for class Main: run/3]
[Compiled]
[Script execution completed]
== 1. simulator (Mac)
  pose 90 90 90 90 90 30 2600  -> ok pose 90 90 90 90 90 30 ms=2600
ABCL/c+>   locate(sim, grip 30 any) = green
  base = 100
  pre = 61 43 1
  try 1: green cube at base 100
  set 6 30 500  -> ok set 6 -> 30 ms=500
  pose 100 80 50 50 90 30 2000  -> ok pose 100 80 50 50 90 30 ms=2000
  lower(here 30) = ok 1.5
  set 6 145 600  -> ok set 6 -> 145 ms=600
  pose 100 61 43 1 90 145 1700  -> ok pose 100 61 43 1 90 145 ms=1700
  pose 100 80 50 50 90 145 2000  -> ok pose 100 80 50 50 90 145 ms=2000
  held(sim) = no
  try 1: the fingers closed on nothing — open, look again
  set 6 30 500  -> ok set 6 -> 30 ms=500
  locate(sim, grip 30 any) = none
  try 2: no cube in view — look again
  locate(sim, grip 30 any) = none
  try 3: no cube in view — look again
  locate(sim, grip 30 any) = none
  try 4: no cube in view — look again
  locate(sim, grip 30 any) = none
  try 5: no cube in view — look again
  locate(sim, grip 30 any) = none
  try 6: no cube in view — look again

[REPL thread error] Thread.Exit
