Compiler stub: compiler.ml
[info] -f: /Users/kodamay/dofbot_pi5/aipl/r_sort.repl
[script] /Users/kodamay/dofbot_pi5/aipl/r_sort.repl
[script] load /Users/kodamay/dofbot_pi5/aipl/sort.aipl
[Loaded] /Users/kodamay/dofbot_pi5/aipl/sort.aipl
[script] compile
[Defined class Dancer]
[Registered types for class Dancer: go/2]
[Defined class Eye]
[Registered types for class Eye: locate/2, lower/2, get/2]
[Defined class Planner]
[Registered types for class Planner: sort/4]
[Defined class Main]
[Registered types for class Main: run/3]
[Compiled]
[Script execution completed]
== 1. simulator (Mac)
  pose 90 90 90 90 90 30 1500  -> ok pose 90 90 90 90 90 30 ms=1500
ABCL/c+> 
[REPL thread error] Thread.Exit
  locate(sim, grip 30) = blue
  base = 90
  pre = 60 39 5
  grasp = 53 27 25
  try 1: grasp at base 90
  set 6 30 500  -> ok set 6 -> 30 ms=500
  pose 90 80 50 50 90 30 1200  -> ok pose 90 80 50 50 90 30 ms=1200
  lower(here 30) = ok 0.8
  set 6 135 600  -> ok set 6 -> 135 ms=600
  pose 90 60 39 5 90 135 1000  -> ok pose 90 60 39 5 90 135 ms=1000
  pose 90 80 50 50 90 135 1200  -> ok pose 90 80 50 50 90 135 ms=1200
  locate(sim, grip 135) = none
  try 1: the table is empty — the cube is in the hand
  blue -> left
  pose 30 80 50 50 90 135 1500  -> ok pose 30 80 50 50 90 135 ms=1500
  lower(30 17 135) = ok 0.8
  set 6 30 600  -> ok set 6 -> 30 ms=600
  pose 30 59 35 10 90 30 1000  -> ok pose 30 59 35 10 90 30 ms=1000
  pose 90 90 90 90 90 30 1800  -> ok pose 90 90 90 90 90 30 ms=1800
== simulator placed at base 30
== 2. real arm (Xinu board)
  pose 90 90 90 90 90 30 1500  -> ok pose 90 90 90 90 90 30 ms=1500
  locate(real, grip 30) = none
  try 1: no cube in view — look again
  locate(real, grip 30) = none
  try 2: no cube in view — look again
  locate(real, grip 30) = none
  try 3: no cube in view — look again
  locate(real, grip 30) = none
  try 4: no cube in view — look again
  locate(real, grip 30) = none
  try 5: no cube in view — look again
  locate(real, grip 30) = blue
  base = 124
  pre = 65 34 0
  grasp = 60 18 22
  try 6: grasp at base 124
  set 6 30 500  -> ok set 6 -> 30 ms=500
  pose 124 80 50 50 90 30 1200  -> ok pose 124 80 50 50 90 30 ms=1200
  lower(here 30) = ok 0.8
  set 6 135 600  -> ok set 6 -> 135 ms=600
  pose 124 65 34 0 90 135 1000  -> ok pose 124 65 34 0 90 135 ms=1000
  pose 124 80 50 50 90 135 1200  -> ok pose 124 80 50 50 90 135 ms=1200
  locate(real, grip 135) = blue
  try 6: the cube is still on the table — try again
  base = 93
  pre = 55 39 21
  grasp = 41 41 33
  try 7: grasp at base 93
  set 6 30 500  -> ok set 6 -> 30 ms=500
  pose 93 80 50 50 90 30 1200  -> ok pose 93 80 50 50 90 30 ms=1200
  lower(here 30) = ok 0.8
  set 6 135 600  -> ok set 6 -> 135 ms=600
  pose 93 55 39 21 90 135 1000  -> ok pose 93 55 39 21 90 135 ms=1000
  pose 93 80 50 50 90 135 1200  -> ok pose 93 80 50 50 90 135 ms=1200
  locate(real, grip 135) = none
  try 7: the table is empty — the cube is in the hand
  blue -> left
  pose 30 80 50 50 90 135 1500  -> ok pose 30 80 50 50 90 135 ms=1500
  lower(30 17 135) = ok 0.8
  set 6 30 600  -> ok set 6 -> 30 ms=600
  pose 30 59 35 10 90 30 1000  -> ok pose 30 59 35 10 90 30 ms=1000
  pose 90 90 90 90 90 30 1800  -> ok pose 90 90 90 90 90 30 ms=1800
== real arm placed at base 30
== done
