Compiler stub: compiler.ml
[info] -f: /Users/kodamay/dofbot_pi5/aipl/r_sort.repl
[script] /Users/kodamay/dofbot_pi5/aipl/r_sort.repl
[script] load /Users/kodamay/dofbot_pi5/aipl/sort.aipl
[Loaded] /Users/kodamay/dofbot_pi5/aipl/sort.aipl
[script] compile
[Defined class Dancer]
[Registered types for class Dancer: go/2]
[Defined class Eye]
[Registered types for class Eye: locate/2, lower/2, held/1, get/2]
[Defined class Planner]
[Registered types for class Planner: sort/4]
[Defined class Main]
[Registered types for class Main: run/3]
[Compiled]
[Script execution completed]
== 1. simulator (Mac)
  pose 90 90 90 90 90 30 1500  -> ok pose 90 90 90 90 90 30 ms=1500
ABCL/c+> 
[REPL thread error] Thread.Exit
  locate(sim, grip 30 any) = none
  try 1: no cube in view — look again
  locate(sim, grip 30 any) = none
  try 2: no cube in view — look again
  locate(sim, grip 30 any) = none
  try 3: no cube in view — look again
  locate(sim, grip 30 any) = none
  try 4: no cube in view — look again
  locate(sim, grip 30 any) = none
  try 5: no cube in view — look again
  locate(sim, grip 30 any) = none
  try 6: no cube in view — look again
  locate(sim, grip 30 any) = none
  try 7: no cube in view — look again
  locate(sim, grip 30 any) = none
  try 8: no cube in view — look again
  locate(sim, grip 30 any) = none
  try 9: no cube in view — look again
  locate(sim, grip 30 any) = none
  try 10: no cube in view — look again
  locate(sim, grip 30 any) = none
  try 11: no cube in view — look again
  locate(sim, grip 30 any) = none
  try 12: no cube in view — look again
  locate(sim, grip 30 any) = none
  try 13: no cube in view — look again
  locate(sim, grip 30 any) = none
  try 14: no cube in view — look again
  locate(sim, grip 30 any) = none
  try 15: no cube in view — look again
  locate(sim, grip 30 any) = none
  try 16: no cube in view — look again
  locate(sim, grip 30 any) = none
  try 17: no cube in view — look again
  locate(sim, grip 30 any) = none
  try 18: no cube in view — look again
  locate(sim, grip 30 any) = none
  try 19: no cube in view — look again
  locate(sim, grip 30 any) = none
  try 20: no cube in view — look again
  locate(sim, grip 30 any) = none
  try 21: no cube in view — look again
  locate(sim, grip 30 any) = none
  try 22: no cube in view — look again
  locate(sim, grip 30 any) = none
  try 23: no cube in view — look again
  locate(sim, grip 30 any) = none
  try 24: no cube in view — look again
  locate(sim, grip 30 any) = none
  try 25: no cube in view — look again
  locate(sim, grip 30 any) = none
  try 26: no cube in view — look again
  locate(sim, grip 30 any) = none
  try 27: no cube in view — look again
  locate(sim, grip 30 any) = none
  try 28: no cube in view — look again
  locate(sim, grip 30 any) = none
  try 29: no cube in view — look again
  locate(sim, grip 30 any) = none
  try 30: no cube in view — look again
  pose 90 90 90 90 90 30 1800  -> ok pose 90 90 90 90 90 30 ms=1800
  gave up after 30 tries
== simulator placed 0 cube(s)
== 2. real arm (Xinu board)
  pose 90 90 90 90 90 30 1500  -> ok pose 90 90 90 90 90 30 ms=1500
  locate(real, grip 30 any) = none
  try 1: no cube in view — look again
  locate(real, grip 30 any) = blue
  base = 85
  pre = 62 38 10
  try 2: blue cube at base 85
  set 6 30 500  -> ok set 6 -> 30 ms=500
  pose 85 80 50 50 90 30 1200  -> ok pose 85 80 50 50 90 30 ms=1200
  lower(here 30) = ok 1.5
  set 6 135 600  -> ok set 6 -> 135 ms=600
  pose 85 62 38 10 90 135 1000  -> ok pose 85 62 38 10 90 135 ms=1000
  pose 85 80 50 50 90 135 1200  -> ok pose 85 80 50 50 90 135 ms=1200
  held(real) = yes
  blue -> left
  pose 30 80 50 50 90 135 1500  -> ok pose 30 80 50 50 90 135 ms=1500
  lower(30 17 135) = ok 1.5
  set 6 30 600  -> ok set 6 -> 30 ms=600
  pose 30 80 50 50 90 30 1200  -> ok pose 30 80 50 50 90 30 ms=1200
  placed 1 cube(s)
  locate(real, grip 30 green) = none
  try 3: no cube in view — look again
  locate(real, grip 30 green) = none
  try 4: no cube in view — look again
  locate(real, grip 30 green) = none
  try 5: no cube in view — look again
  locate(real, grip 30 green) = none
  try 6: no cube in view — look again
  locate(real, grip 30 green) = none
  try 7: no cube in view — look again
  locate(real, grip 30 green) = none
  try 8: no cube in view — look again
  locate(real, grip 30 green) = none
  try 9: no cube in view — look again
  locate(real, grip 30 green) = none
  try 10: no cube in view — look again
  locate(real, grip 30 green) = none
  try 11: no cube in view — look again
  locate(real, grip 30 green) = none
  try 12: no cube in view — look again
  locate(real, grip 30 green) = none
  try 13: no cube in view — look again
  locate(real, grip 30 green) = none
  try 14: no cube in view — look again
  locate(real, grip 30 green) = none
  try 15: no cube in view — look again
  locate(real, grip 30 green) = none
  try 16: no cube in view — look again
  locate(real, grip 30 green) = none
  try 17: no cube in view — look again
  locate(real, grip 30 green) = none
  try 18: no cube in view — look again
  locate(real, grip 30 green) = none
  try 19: no cube in view — look again
  locate(real, grip 30 green) = none
  try 20: no cube in view — look again
  locate(real, grip 30 green) = none
  try 21: no cube in view — look again
