Compiler stub: compiler.ml
[info] -f: /Users/kodamay/dofbot_pi5/aipl/r_sort.repl
[script] /Users/kodamay/dofbot_pi5/aipl/r_sort.repl
[script] load /Users/kodamay/dofbot_pi5/aipl/sort.aipl
[Loaded] /Users/kodamay/dofbot_pi5/aipl/sort.aipl
[script] compile
[Defined class Dancer]
[Registered types for class Dancer: go/2]
[Defined class Eye]
[Registered types for class Eye: locate/2, lower/2, get/2]
[Defined class Planner]
[Registered types for class Planner: sort/4]
[Defined class Main]
[Registered types for class Main: run/3]
[Compiled]
[Script execution completed]
== 1. simulator (Mac)
  pose 90 90 90 90 90 30 1500  -> ok pose 90 90 90 90 90 30 ms=1500
ABCL/c+> 
[REPL thread error] Thread.Exit
  locate(sim, grip 30) = green
  base = 90
  pre = 60 42 3
  grasp = 54 29 23
  try 1: grasp at base 90
  set 6 30 500  -> ok set 6 -> 30 ms=500
  pose 90 80 50 50 90 30 1200  -> ok pose 90 80 50 50 90 30 ms=1200
  lower(here 30) = ok 3.4
  set 6 110 600  -> ok set 6 -> 110 ms=600
  pose 90 60 42 3 90 110 1000  -> ok pose 90 60 42 3 90 110 ms=1000
  pose 90 80 50 50 90 110 1200  -> ok pose 90 80 50 50 90 110 ms=1200
  locate(sim, grip 110) = none
  try 1: the table is empty — the cube is in the hand
  green -> right
  pose 150 80 50 50 90 110 1500  -> ok pose 150 80 50 50 90 110 ms=1500
  lower(150 17 110) = ok 3.4
  set 6 30 600  -> ok set 6 -> 30 ms=600
  pose 150 59 35 10 90 30 1000  -> ok pose 150 59 35 10 90 30 ms=1000
  pose 90 90 90 90 90 30 1800  -> ok pose 90 90 90 90 90 30 ms=1800
== simulator placed at base 150
== 2. real arm (Xinu board)
  pose 90 90 90 90 90 30 1500  -> ok pose 90 90 90 90 90 30 ms=1500
  locate(real, grip 30) = blue
  base = 87
  pre = 65 32 13
  grasp = 55 25 31
  try 1: grasp at base 87
  set 6 30 500  -> ok set 6 -> 30 ms=500
  pose 87 80 50 50 90 30 1200  -> ok pose 87 80 50 50 90 30 ms=1200
  lower(here 30) = ok 3.4
  set 6 110 600  -> ok set 6 -> 110 ms=600
  pose 87 65 32 13 90 110 1000  -> ok pose 87 65 32 13 90 110 ms=1000
  pose 87 80 50 50 90 110 1200  -> ok pose 87 80 50 50 90 110 ms=1200
  locate(real, grip 110) = blue
  try 1: the cube is still on the table — try again
  base = 86
  pre = 67 29 14
  grasp = 57 22 32
  try 2: grasp at base 86
  set 6 30 500  -> ok set 6 -> 30 ms=500
  pose 86 80 50 50 90 30 1200  -> ok pose 86 80 50 50 90 30 ms=1200
  lower(here 30) = ok 3.4
  set 6 110 600  -> ok set 6 -> 110 ms=600
  pose 86 67 29 14 90 110 1000  -> ok pose 86 67 29 14 90 110 ms=1000
  pose 86 80 50 50 90 110 1200  -> ok pose 86 80 50 50 90 110 ms=1200
  locate(real, grip 110) = blue
  try 2: the cube is still on the table — try again
  base = 86
  pre = 64 33 13
  grasp = 54 25 30
  try 3: grasp at base 86
  set 6 30 500  -> ok set 6 -> 30 ms=500
  pose 86 80 50 50 90 30 1200  -> ok pose 86 80 50 50 90 30 ms=1200
  lower(here 30) = ok 3.4
  set 6 110 600  -> ok set 6 -> 110 ms=600
  pose 86 64 33 13 90 110 1000  -> ok pose 86 64 33 13 90 110 ms=1000
  pose 86 80 50 50 90 110 1200  -> ok pose 86 80 50 50 90 110 ms=1200
  locate(real, grip 110) = blue
  try 3: the cube is still on the table — try again
  base = 86
  pre = 64 33 13
  grasp = 54 25 30
  try 4: grasp at base 86
  set 6 30 500  -> ok set 6 -> 30 ms=500
  pose 86 80 50 50 90 30 1200  -> ok pose 86 80 50 50 90 30 ms=1200
  lower(here 30) = ok 3.4
  set 6 110 600  -> ok set 6 -> 110 ms=600
  pose 86 64 33 13 90 110 1000  -> ok pose 86 64 33 13 90 110 ms=1000
  pose 86 80 50 50 90 110 1200  -> ok pose 86 80 50 50 90 110 ms=1200
  locate(real, grip 110) = blue
  try 4: the cube is still on the table — try again
  base = 85
  pre = 67 29 14
  grasp = 57 22 32
  try 5: grasp at base 85
  set 6 30 500  -> ok set 6 -> 30 ms=500
  pose 85 80 50 50 90 30 1200  -> ok pose 85 80 50 50 90 30 ms=1200
  lower(here 30) = ok 3.4
  set 6 110 600  -> ok set 6 -> 110 ms=600
  pose 85 67 29 14 90 110 1000  -> ok pose 85 67 29 14 90 110 ms=1000
  pose 85 80 50 50 90 110 1200  -> ok pose 85 80 50 50 90 110 ms=1200
  locate(real, grip 110) = blue
  try 5: the cube is still on the table — try again
  base = 84
  pre = 65 33 13
  grasp = 54 25 31
  try 6: grasp at base 84
  set 6 30 500  -> ok set 6 -> 30 ms=500
  pose 84 80 50 50 90 30 1200  -> ok pose 84 80 50 50 90 30 ms=1200
  lower(here 30) = ok 3.4
  set 6 110 600  -> ok set 6 -> 110 ms=600
  pose 84 65 33 13 90 110 1000  -> ok pose 84 65 33 13 90 110 ms=1000
  pose 84 80 50 50 90 110 1200  -> ok pose 84 80 50 50 90 110 ms=1200
  locate(real, grip 110) = blue
  try 6: the cube is still on the table — try again
  base = 83
  pre = 66 31 13
  grasp = 56 23 31
  try 7: grasp at base 83
  set 6 30 500  -> ok set 6 -> 30 ms=500
  pose 83 80 50 50 90 30 1200  -> ok pose 83 80 50 50 90 30 ms=1200
  lower(here 30) = ok 3.4
  set 6 110 600  -> ok set 6 -> 110 ms=600
  pose 83 66 31 13 90 110 1000  -> ok pose 83 66 31 13 90 110 ms=1000
  pose 83 80 50 50 90 110 1200  -> ok pose 83 80 50 50 90 110 ms=1200
  locate(real, grip 110) = blue
  try 7: the cube is still on the table — try again
  base = 83
  pre = 63 35 12
  grasp = 53 27 30
  try 8: grasp at base 83
  set 6 30 500  -> ok set 6 -> 30 ms=500
  pose 83 80 50 50 90 30 1200  -> ok pose 83 80 50 50 90 30 ms=1200
  lower(here 30) = ok 3.4
  set 6 110 600  -> ok set 6 -> 110 ms=600
  pose 83 63 35 12 90 110 1000  -> ok pose 83 63 35 12 90 110 ms=1000
  pose 83 80 50 50 90 110 1200  -> ok pose 83 80 50 50 90 110 ms=1200
  locate(real, grip 110) = blue
  try 8: the cube is still on the table — try again
  base = 82
  pre = 62 36 12
  grasp = 52 29 29
  try 9: grasp at base 82
  set 6 30 500  -> ok set 6 -> 30 ms=500
  pose 82 80 50 50 90 30 1200  -> ok pose 82 80 50 50 90 30 ms=1200
  lower(here 30) = ok 3.4
  set 6 110 600  -> ok set 6 -> 110 ms=600
  pose 82 62 36 12 90 110 1000  -> ok pose 82 62 36 12 90 110 ms=1000
  pose 82 80 50 50 90 110 1200  -> ok pose 82 80 50 50 90 110 ms=1200
  locate(real, grip 110) = blue
  try 9: the cube is still on the table — try again
  base = 82
  pre = 63 34 12
  grasp = 53 27 30
  try 10: grasp at base 82
  set 6 30 500  -> ok set 6 -> 30 ms=500
  pose 82 80 50 50 90 30 1200  -> ok pose 82 80 50 50 90 30 ms=1200
  lower(here 30) = ok 3.4
  set 6 110 600  -> ok set 6 -> 110 ms=600
  pose 82 63 34 12 90 110 1000  -> ok pose 82 63 34 12 90 110 ms=1000
  pose 82 80 50 50 90 110 1200  -> ok pose 82 80 50 50 90 110 ms=1200
  locate(real, grip 110) = blue
  try 10: the cube is still on the table — try again
  gave up after 10 tries
  set 6 30 500  -> ok set 6 -> 30 ms=500
  pose 90 90 90 90 90 30 1500  -> ok pose 90 90 90 90 90 30 ms=1500
== real arm placed at base 0
== done
