Compiler stub: compiler.ml
[info] -f: /Users/kodamay/dofbot_pi5/aipl/r_sort_sim.repl
[script] /Users/kodamay/dofbot_pi5/aipl/r_sort_sim.repl
[script] load /Users/kodamay/dofbot_pi5/aipl/sort_sim.aipl
[Loaded] /Users/kodamay/dofbot_pi5/aipl/sort_sim.aipl
[script] compile
[Defined class Dancer]
[Registered types for class Dancer: go/2]
[Defined class Eye]
[Registered types for class Eye: locate/2, lower/2, get/2]
[Defined class Planner]
[Registered types for class Planner: sort/4]
[Defined class Main]
[Registered types for class Main: run/3]
[Compiled]
[Script execution completed]
== 1. simulator (Mac)
  pose 90 90 90 90 90 30 1500  -> ok pose 90 90 90 90 90 30 ms=1500
ABCL/c+> 
[REPL thread error] Thread.Exit
  locate(sim, grip 30) = blue
  base = 90
  pre = 60 42 3
  grasp = 54 29 23
  try 1: grasp at base 90
  set 6 30 500  -> ok set 6 -> 30 ms=500
  pose 90 80 50 50 90 30 1200  -> ok pose 90 80 50 50 90 30 ms=1200
  lower(here 30) = ok 3.4
  set 6 110 600  -> ok set 6 -> 110 ms=600
  pose 90 60 42 3 90 110 1000  -> ok pose 90 60 42 3 90 110 ms=1000
  pose 90 80 50 50 90 110 1200  -> ok pose 90 80 50 50 90 110 ms=1200
  locate(sim, grip 110) = none
  try 1: the table is empty — the cube is in the hand
  blue -> left
  pose 30 80 50 50 90 110 1500  -> ok pose 30 80 50 50 90 110 ms=1500
  lower(30 17 110) = ok 3.4
  set 6 30 600  -> ok set 6 -> 30 ms=600
  pose 30 59 35 10 90 30 1000  -> ok pose 30 59 35 10 90 30 ms=1000
  pose 90 90 90 90 90 30 1800  -> ok pose 90 90 90 90 90 30 ms=1800
== simulator placed at base 30
== done
