Compiler stub: compiler.ml
[info] -f: /Users/kodamay/dofbot_pi5/aipl/r_sort_sim.repl
[script] /Users/kodamay/dofbot_pi5/aipl/r_sort_sim.repl
[script] load /Users/kodamay/dofbot_pi5/aipl/sort_sim.aipl
[Loaded] /Users/kodamay/dofbot_pi5/aipl/sort_sim.aipl
[script] compile
[Defined class Dancer]
[Registered types for class Dancer: go/2]
[Defined class Eye]
[Registered types for class Eye: locate/2, lower/2, get/2]
[Defined class Planner]
[Registered types for class Planner: sort/4]
[Defined class Main]
[Registered types for class Main: run/3]
[Compiled]
[Script execution completed]
== 1. simulator (Mac)
  pose 90 90 90 90 90 30 1500  -> err
ABCL/c+>   locate(sim, grip 30) = none
  try 1: no cube in view — look again
  locate(sim, grip 30) = none
  try 2: no cube in view — look again
  locate(sim, grip 30) = none
  try 3: no cube in view — look again
  locate(sim, grip 30) = none
  try 4: no cube in view — look again
  locate(sim, grip 30) = none
  try 5: no cube in view — look again
  locate(sim, grip 30) = none
  try 6: no cube in view — look again
  locate(sim, grip 30) = none
  try 7: no cube in view — look again
  locate(sim, grip 30) = none
  try 8: no cube in view — look again
  locate(sim, grip 30) = none
  try 9: no cube in view — look again
  locate(sim, grip 30) = none
  try 10: no cube in view — look again
  locate(sim, grip 30) = none
  gave up after 10 tries
  set 6 30 500  -> err
  pose 90 90 90 90 90 30 1500  -> err
== simulator placed at base 0
== done

[REPL thread error] Thread.Exit
