Compiler stub: compiler.ml
[info] -f: /Users/kodamay/dofbot_pi5/aipl/r_sort.repl
[script] /Users/kodamay/dofbot_pi5/aipl/r_sort.repl
[script] load /Users/kodamay/dofbot_pi5/aipl/sort.aipl
[Loaded] /Users/kodamay/dofbot_pi5/aipl/sort.aipl
[script] compile
[Defined class Dancer]
[Registered types for class Dancer: go/2]
[Defined class Eye]
[Registered types for class Eye: locate/2, lower/2, held/1, get/2]
[Defined class Planner]
[Registered types for class Planner: sort/4]
[Defined class Main]
[Registered types for class Main: run/3]
[Compiled]
[Script execution completed]
== 1. simulator (Mac)
  pose 90 90 90 90 90 30 2600  -> ok pose 90 90 90 90 90 30 ms=2600
ABCL/c+> 
[REPL thread error] Thread.Exit
  locate(sim, grip 30 any) = green
  base = 90
  pre = 60 42 3
  try 1: green cube at base 90
  set 6 30 500  -> ok set 6 -> 30 ms=500
  pose 90 80 50 50 90 30 2000  -> ok pose 90 80 50 50 90 30 ms=2000
  lower(here 30) = ok 1.2
  set 6 145 800  -> ok set 6 -> 145 ms=800
  held(sim) = yes
  pose 90 60 42 3 90 145 2500  -> ok pose 90 60 42 3 90 145 ms=2500
  pose 90 80 50 50 90 145 3000  -> ok pose 90 80 50 50 90 145 ms=3000
  held(sim) = yes
  green -> right
  pose 150 80 50 50 90 145 2600  -> ok pose 150 80 50 50 90 145 ms=2600
  lower(150 17 145) = ok 1.2
  set 6 30 600  -> ok set 6 -> 30 ms=600
  pose 150 80 50 50 90 30 2000  -> ok pose 150 80 50 50 90 30 ms=2000
  placed 1 cube(s)
  locate(sim, grip 30 blue) = none
  no more cubes in reach — done
  pose 90 90 90 90 90 30 3100  -> ok pose 90 90 90 90 90 30 ms=3100
== simulator placed 1 cube(s)
== 2. real arm (Xinu board)
  pose 90 90 90 90 90 30 2600  -> ok pose 90 90 90 90 90 30 ms=2600
  locate(real, grip 30 any) = green
  base = 104
  pre = 61 37 12
  try 1: green cube at base 104
  set 6 30 500  -> ok set 6 -> 30 ms=500
  pose 104 80 50 50 90 30 2000  -> ok pose 104 80 50 50 90 30 ms=2000
  lower(here 30) = ok 1.2
  set 6 145 800  -> ok set 6 -> 145 ms=800
  held(real) = no
  pose 104 61 37 12 90 145 2500  -> ok pose 104 61 37 12 90 145 ms=2500
  pose 104 80 50 50 90 145 3000  -> ok pose 104 80 50 50 90 145 ms=3000
  held(real) = no
  try 1: the fingers closed on nothing — open, look again
  set 6 30 500  -> ok set 6 -> 30 ms=500
  locate(real, grip 30 any) = green
  base = 105
  pre = 44 65 1
  try 2: green cube at base 105
  set 6 30 500  -> ok set 6 -> 30 ms=500
  pose 105 80 50 50 90 30 2000  -> ok pose 105 80 50 50 90 30 ms=2000
  lower(here 30) = ok 1.2
  set 6 145 800  -> ok set 6 -> 145 ms=800
  held(real) = no
  pose 105 44 65 1 90 145 2500  -> ok pose 105 44 65 1 90 145 ms=2500
  pose 105 80 50 50 90 145 3000  -> ok pose 105 80 50 50 90 145 ms=3000
  held(real) = no
  try 2: the fingers closed on nothing — open, look again
  set 6 30 500  -> ok set 6 -> 30 ms=500
  locate(real, grip 30 any) = none
  try 3: no cube in reach — survey again
  locate(real, grip 30 any) = none
  try 4: no cube in reach — survey again
  locate(real, grip 30 any) = none
  no cube in reach after 3 surveys
  pose 90 90 90 90 90 30 3100  -> ok pose 90 90 90 90 90 30 ms=3100
== real arm placed 0 cube(s)
== done
