Compiler stub: compiler.ml
[info] -f: /Users/kodamay/dofbot_pi5/aipl/r_sort.repl
[script] /Users/kodamay/dofbot_pi5/aipl/r_sort.repl
[script] load /Users/kodamay/dofbot_pi5/aipl/sort.aipl
[Loaded] /Users/kodamay/dofbot_pi5/aipl/sort.aipl
[script] compile
[Defined class Dancer]
[Registered types for class Dancer: go/2]
[Defined class Eye]
[Registered types for class Eye: locate/2, lower/2, held/1, get/2]
[Defined class Planner]
[Registered types for class Planner: sort/4]
[Defined class Main]
[Registered types for class Main: run/3]
[Compiled]
[Script execution completed]
== 1. simulator (Mac)
  pose 90 90 90 90 90 30 1500  -> ok pose 90 90 90 90 90 30 ms=1500
ABCL/c+> 
[REPL thread error] Thread.Exit
  locate(sim, grip 30) = green
  base = 100
  pre = 61 43 1
  try 1: green cube at base 100
  set 6 30 500  -> ok set 6 -> 30 ms=500
  pose 100 80 50 50 90 30 1200  -> ok pose 100 80 50 50 90 30 ms=1200
  lower(here 30) = ok 1.5
  set 6 135 600  -> ok set 6 -> 135 ms=600
  pose 100 61 43 1 90 135 1000  -> ok pose 100 61 43 1 90 135 ms=1000
  pose 100 80 50 50 90 135 1200  -> ok pose 100 80 50 50 90 135 ms=1200
  held(sim) = yes
  green -> right
  pose 150 80 50 50 90 135 1500  -> ok pose 150 80 50 50 90 135 ms=1500
  lower(150 17 135) = ok 1.5
  set 6 30 600  -> ok set 6 -> 30 ms=600
  pose 150 80 50 50 90 30 1200  -> ok pose 150 80 50 50 90 30 ms=1200
  placed 1 cube(s)
  locate(sim, grip 30) = blue
  base = 80
  pre = 62 42 1
  try 2: blue cube at base 80
  set 6 30 500  -> ok set 6 -> 30 ms=500
  pose 80 80 50 50 90 30 1200  -> ok pose 80 80 50 50 90 30 ms=1200
  lower(here 30) = ok 1.5
  set 6 135 600  -> ok set 6 -> 135 ms=600
  pose 80 62 42 1 90 135 1000  -> ok pose 80 62 42 1 90 135 ms=1000
  pose 80 80 50 50 90 135 1200  -> ok pose 80 80 50 50 90 135 ms=1200
  held(sim) = yes
  blue -> left
  pose 30 80 50 50 90 135 1500  -> ok pose 30 80 50 50 90 135 ms=1500
  lower(30 17 135) = ok 1.5
  set 6 30 600  -> ok set 6 -> 30 ms=600
  pose 30 80 50 50 90 30 1200  -> ok pose 30 80 50 50 90 30 ms=1200
  placed 2 cube(s)
  pose 90 90 90 90 90 30 1800  -> ok pose 90 90 90 90 90 30 ms=1800
== simulator placed 2 cube(s)
== 2. real arm (Xinu board)
  pose 90 90 90 90 90 30 1500  -> ok pose 90 90 90 90 90 30 ms=1500
  locate(real, grip 30) = blue
  base = 79
  pre = 61 40 9
  try 1: blue cube at base 79
  set 6 30 500  -> ok set 6 -> 30 ms=500
  pose 79 80 50 50 90 30 1200  -> ok pose 79 80 50 50 90 30 ms=1200
  lower(here 30) = ok 1.5
  set 6 135 600  -> ok set 6 -> 135 ms=600
  pose 79 61 40 9 90 135 1000  -> ok pose 79 61 40 9 90 135 ms=1000
  pose 79 80 50 50 90 135 1200  -> ok pose 79 80 50 50 90 135 ms=1200
  held(real) = yes
  blue -> left
  pose 30 80 50 50 90 135 1500  -> ok pose 30 80 50 50 90 135 ms=1500
  lower(30 17 135) = ok 1.5
  set 6 30 600  -> ok set 6 -> 30 ms=600
  pose 30 80 50 50 90 30 1200  -> ok pose 30 80 50 50 90 30 ms=1200
  placed 1 cube(s)
  locate(real, grip 30) = blue
  base = 126
  pre = 80 18 7
  try 2: blue cube at base 126
  set 6 30 500  -> ok set 6 -> 30 ms=500
  pose 126 80 50 50 90 30 1200  -> ok pose 126 80 50 50 90 30 ms=1200
  lower(here 30) = ok 1.5
  set 6 135 600  -> ok set 6 -> 135 ms=600
  pose 126 80 18 7 90 135 1000  -> ok pose 126 80 18 7 90 135 ms=1000
  pose 126 80 50 50 90 135 1200  -> ok pose 126 80 50 50 90 135 ms=1200
  held(real) = no
  try 2: the fingers closed on nothing — open, look again
  set 6 30 500  -> ok set 6 -> 30 ms=500
  locate(real, grip 30) = none
  try 3: no cube in view — look again
  locate(real, grip 30) = none
  try 4: no cube in view — look again
  locate(real, grip 30) = none
  try 5: no cube in view — look again
  locate(real, grip 30) = none
  try 6: no cube in view — look again
  locate(real, grip 30) = none
  try 7: no cube in view — look again
  locate(real, grip 30) = blue
  base = 129
  pre = 76 22 6
  try 8: blue cube at base 129
  set 6 30 500  -> ok set 6 -> 30 ms=500
  pose 129 80 50 50 90 30 1200  -> ok pose 129 80 50 50 90 30 ms=1200
  lower(here 30) = ok 1.5
  set 6 135 600  -> ok set 6 -> 135 ms=600
  pose 129 76 22 6 90 135 1000  -> ok pose 129 76 22 6 90 135 ms=1000
  pose 129 80 50 50 90 135 1200  -> ok pose 129 80 50 50 90 135 ms=1200
  held(real) = no
  try 8: the fingers closed on nothing — open, look again
  set 6 30 500  -> ok set 6 -> 30 ms=500
  locate(real, grip 30) = none
  try 9: no cube in view — look again
  locate(real, grip 30) = blue
  base = 70
  pre = 73 26 6
  try 10: blue cube at base 70
  set 6 30 500  -> ok set 6 -> 30 ms=500
  pose 70 80 50 50 90 30 1200  -> ok pose 70 80 50 50 90 30 ms=1200
  lower(here 30) = ok 1.5
  set 6 135 600  -> ok set 6 -> 135 ms=600
  pose 70 73 26 6 90 135 1000  -> ok pose 70 73 26 6 90 135 ms=1000
  pose 70 80 50 50 90 135 1200  -> ok pose 70 80 50 50 90 135 ms=1200
  held(real) = no
  try 10: the fingers closed on nothing — open, look again
  set 6 30 500  -> ok set 6 -> 30 ms=500
  locate(real, grip 30) = blue
  base = 127
  pre = 78 21 7
  try 11: blue cube at base 127
  set 6 30 500  -> ok set 6 -> 30 ms=500
  pose 127 80 50 50 90 30 1200  -> ok pose 127 80 50 50 90 30 ms=1200
  lower(here 30) = ok 1.5
  set 6 135 600  -> ok set 6 -> 135 ms=600
  pose 127 78 21 7 90 135 1000  -> ok pose 127 78 21 7 90 135 ms=1000
  pose 127 80 50 50 90 135 1200  -> ok pose 127 80 50 50 90 135 ms=1200
  held(real) = no
  try 11: the fingers closed on nothing — open, look again
  set 6 30 500  -> ok set 6 -> 30 ms=500
  locate(real, grip 30) = none
  try 12: no cube in view — look again
  locate(real, grip 30) = none
  try 13: no cube in view — look again
  locate(real, grip 30) = blue
  base = 130
  pre = 80 18 7
  try 14: blue cube at base 130
  set 6 30 500  -> ok set 6 -> 30 ms=500
  pose 130 80 50 50 90 30 1200  -> ok pose 130 80 50 50 90 30 ms=1200
  lower(here 30) = ok 1.5
  set 6 135 600  -> ok set 6 -> 135 ms=600
  pose 130 80 18 7 90 135 1000  -> ok pose 130 80 18 7 90 135 ms=1000
  pose 130 80 50 50 90 135 1200  -> ok pose 130 80 50 50 90 135 ms=1200
  held(real) = no
  try 14: the fingers closed on nothing — open, look again
  set 6 30 500  -> ok set 6 -> 30 ms=500
  locate(real, grip 30) = none
  try 15: no cube in view — look again
  locate(real, grip 30) = none
  try 16: no cube in view — look again
  locate(real, grip 30) = none
  try 17: no cube in view — look again
  locate(real, grip 30) = none
  try 18: no cube in view — look again
  locate(real, grip 30) = none
  try 19: no cube in view — look again
  locate(real, grip 30) = none
  try 20: no cube in view — look again
  locate(real, grip 30) = none
  try 21: no cube in view — look again
  locate(real, grip 30) = none
  try 22: no cube in view — look again
  locate(real, grip 30) = none
  try 23: no cube in view — look again
  locate(real, grip 30) = none
  try 24: no cube in view — look again
  locate(real, grip 30) = none
  try 25: no cube in view — look again
  locate(real, grip 30) = none
  try 26: no cube in view — look again
  locate(real, grip 30) = none
  try 27: no cube in view — look again
  locate(real, grip 30) = none
  try 28: no cube in view — look again
  locate(real, grip 30) = none
  try 29: no cube in view — look again
  locate(real, grip 30) = none
  try 30: no cube in view — look again
  pose 90 90 90 90 90 30 1800  -> err
  gave up after 30 tries
== real arm placed 0 cube(s)
== done
