Compiler stub: compiler.ml
[info] -f: /Users/kodamay/dofbot_pi5/aipl/r_sort.repl
[script] /Users/kodamay/dofbot_pi5/aipl/r_sort.repl
[script] load /Users/kodamay/dofbot_pi5/aipl/sort.aipl
[Loaded] /Users/kodamay/dofbot_pi5/aipl/sort.aipl
[script] compile
[Defined class Dancer]
[Registered types for class Dancer: go/2]
[Defined class Eye]
[Registered types for class Eye: locate/2, lower/2, get/2]
[Defined class Planner]
[Registered types for class Planner: sort/4]
[Defined class Main]
[Registered types for class Main: run/3]
[Compiled]
[Script execution completed]
== 1. simulator (Mac)
  pose 90 90 90 90 90 30 1500  -> err
ABCL/c+> 
[REPL thread error] Thread.Exit
  locate(sim, grip 30) = none
  try 1: no cube in view — look again
  locate(sim, grip 30) = none
  try 2: no cube in view — look again
  locate(sim, grip 30) = none
  try 3: no cube in view — look again
  locate(sim, grip 30) = none
  try 4: no cube in view — look again
  locate(sim, grip 30) = none
  try 5: no cube in view — look again
  locate(sim, grip 30) = none
  try 6: no cube in view — look again
  locate(sim, grip 30) = none
  try 7: no cube in view — look again
  locate(sim, grip 30) = none
  try 8: no cube in view — look again
  locate(sim, grip 30) = none
  try 9: no cube in view — look again
  locate(sim, grip 30) = none
  try 10: no cube in view — look again
  locate(sim, grip 30) = none
  gave up after 10 tries
  set 6 30 500  -> err
  pose 90 90 90 90 90 30 1500  -> err
== simulator placed at base 0
== 2. real arm (Xinu board)
  pose 90 90 90 90 90 30 1500  -> ok pose 90 90 90 90 90 30 ms=1500
  locate(real, grip 30) = none
  try 1: no cube in view — look again
  locate(real, grip 30) = none
  try 2: no cube in view — look again
  locate(real, grip 30) = none
  try 3: no cube in view — look again
  locate(real, grip 30) = blue
  base = 89
  pre = 78 21 2
  grasp = 72 4 24
  try 4: grasp at base 89
  set 6 30 500  -> ok set 6 -> 30 ms=500
  pose 89 80 50 50 90 30 1200  -> ok pose 89 80 50 50 90 30 ms=1200
  lower(here 30) = ok 3.4
  set 6 110 600  -> ok set 6 -> 110 ms=600
  pose 89 78 21 2 90 110 1000  -> ok pose 89 78 21 2 90 110 ms=1000
  pose 89 80 50 50 90 110 1200  -> ok pose 89 80 50 50 90 110 ms=1200
  locate(real, grip 110) = blue
  try 4: the cube is still on the table — try again
  base = 86
  pre = 64 33 13
  grasp = 54 26 30
  try 5: grasp at base 86
  set 6 30 500  -> ok set 6 -> 30 ms=500
  pose 86 80 50 50 90 30 1200  -> ok pose 86 80 50 50 90 30 ms=1200
  lower(here 30) = ok 3.4
  set 6 110 600  -> ok set 6 -> 110 ms=600
  pose 86 64 33 13 90 110 1000  -> ok pose 86 64 33 13 90 110 ms=1000
  pose 86 80 50 50 90 110 1200  -> ok pose 86 80 50 50 90 110 ms=1200
  locate(real, grip 110) = blue
  try 5: the cube is still on the table — try again
  base = 87
  pre = 64 34 12
  grasp = 54 26 30
  try 6: grasp at base 87
  set 6 30 500  -> ok set 6 -> 30 ms=500
  pose 87 80 50 50 90 30 1200  -> ok pose 87 80 50 50 90 30 ms=1200
  lower(here 30) = ok 3.4
  set 6 110 600  -> ok set 6 -> 110 ms=600
  pose 87 64 34 12 90 110 1000  -> ok pose 87 64 34 12 90 110 ms=1000
  pose 87 80 50 50 90 110 1200  -> ok pose 87 80 50 50 90 110 ms=1200
  locate(real, grip 110) = blue
  try 6: the cube is still on the table — try again
  base = 85
  pre = 66 31 13
  grasp = 55 24 31
  try 7: grasp at base 85
  set 6 30 500  -> ok set 6 -> 30 ms=500
  pose 85 80 50 50 90 30 1200  -> ok pose 85 80 50 50 90 30 ms=1200
  lower(here 30) = err lower stopped: arm did not move: 'FAIL pose rc=-2 85 65 30 14 90 30 ms=500'
  set 6 110 600  -> FAIL set 6 -> 110 ms=600 rc=-1
  pose 85 66 31 13 90 110 1000  -> ok pose 85 66 31 13 90 110 ms=1000
  pose 85 80 50 50 90 110 1200  -> ok pose 85 80 50 50 90 110 ms=1200
  locate(real, grip 110) = blue
  try 7: the cube is still on the table — try again
  base = 85
  pre = 55 47 8
  grasp = 46 39 25
  try 8: grasp at base 85
  set 6 30 500  -> ok set 6 -> 30 ms=500
  pose 85 80 50 50 90 30 1200  -> ok pose 85 80 50 50 90 30 ms=1200
  lower(here 30) = ok 3.4
  set 6 110 600  -> ok set 6 -> 110 ms=600
  pose 85 55 47 8 90 110 1000  -> ok pose 85 55 47 8 90 110 ms=1000
  pose 85 80 50 50 90 110 1200  -> ok pose 85 80 50 50 90 110 ms=1200
  locate(real, grip 110) = blue
  try 8: the cube is still on the table — try again
  base = 85
  pre = 58 42 10
  grasp = 48 35 27
  try 9: grasp at base 85
  set 6 30 500  -> ok set 6 -> 30 ms=500
  pose 85 80 50 50 90 30 1200  -> FAIL pose rc=-2 85 80 50 50 90 30 ms=1200
  lower(here 30) = err lower stopped: arm angles cannot be read
  set 6 110 600  -> ok set 6 -> 110 ms=600
  pose 85 58 42 10 90 110 1000  -> ok pose 85 58 42 10 90 110 ms=1000
  pose 85 80 50 50 90 110 1200  -> ok pose 85 80 50 50 90 110 ms=1200
  locate(real, grip 110) = none
  try 9: the table is empty — the cube is in the hand
  blue -> left
  pose 30 80 50 50 90 110 1500  -> ok pose 30 80 50 50 90 110 ms=1500
  lower(30 17 110) = err lower stopped: arm angles cannot be read
  set 6 30 600  -> 
  pose 30 59 35 10 90 30 1000  -> 
  pose 90 90 90 90 90 30 1800  -> 
== real arm placed at base 30
== done
