Compiler stub: compiler.ml
[info] -f: /Users/kodamay/dofbot_pi5/aipl/r_sort.repl
[script] /Users/kodamay/dofbot_pi5/aipl/r_sort.repl
[script] load /Users/kodamay/dofbot_pi5/aipl/sort.aipl
[Loaded] /Users/kodamay/dofbot_pi5/aipl/sort.aipl
[script] compile
[Defined class Dancer]
[Registered types for class Dancer: go/2]
[Defined class Eye]
[Registered types for class Eye: locate/2, lower/2, get/2]
[Defined class Planner]
[Registered types for class Planner: sort/4]
[Defined class Main]
[Registered types for class Main: run/3]
[Compiled]
[Script execution completed]
== 1. simulator (Mac)
  pose 90 90 90 90 90 30 1500  -> ok pose 90 90 90 90 90 30 ms=1500
ABCL/c+> 
[REPL thread error] Thread.Exit
  locate(sim, grip 30) = green
  base = 90
  pre = 60 38 7
  grasp = 52 27 26
  try 1: grasp at base 90
  set 6 30 500  -> ok set 6 -> 30 ms=500
  pose 90 80 50 50 90 30 1200  -> ok pose 90 80 50 50 90 30 ms=1200
  lower(here 30) = ok 2.8
  set 6 135 600  -> ok set 6 -> 135 ms=600
  pose 90 60 38 7 90 135 1000  -> ok pose 90 60 38 7 90 135 ms=1000
  pose 90 80 50 50 90 135 1200  -> ok pose 90 80 50 50 90 135 ms=1200
  locate(sim, grip 135) = green
  try 1: the cube is still on the table — try again
  base = 90
  pre = 60 38 7
  grasp = 52 27 26
  try 2: grasp at base 90
  set 6 30 500  -> ok set 6 -> 30 ms=500
  pose 90 80 50 50 90 30 1200  -> ok pose 90 80 50 50 90 30 ms=1200
  lower(here 30) = ok 2.8
  set 6 135 600  -> ok set 6 -> 135 ms=600
  pose 90 60 38 7 90 135 1000  -> ok pose 90 60 38 7 90 135 ms=1000
  pose 90 80 50 50 90 135 1200  -> ok pose 90 80 50 50 90 135 ms=1200
  locate(sim, grip 135) = green
  try 2: the cube is still on the table — try again
  base = 90
  pre = 60 38 7
  grasp = 52 27 26
  try 3: grasp at base 90
  set 6 30 500  -> ok set 6 -> 30 ms=500
  pose 90 80 50 50 90 30 1200  -> ok pose 90 80 50 50 90 30 ms=1200
  lower(here 30) = ok 2.8
  set 6 135 600  -> ok set 6 -> 135 ms=600
  pose 90 60 38 7 90 135 1000  -> ok pose 90 60 38 7 90 135 ms=1000
  pose 90 80 50 50 90 135 1200  -> ok pose 90 80 50 50 90 135 ms=1200
  locate(sim, grip 135) = green
  try 3: the cube is still on the table — try again
  base = 90
  pre = 60 38 7
  grasp = 52 27 26
  try 4: grasp at base 90
  set 6 30 500  -> ok set 6 -> 30 ms=500
  pose 90 80 50 50 90 30 1200  -> ok pose 90 80 50 50 90 30 ms=1200
  lower(here 30) = ok 2.8
  set 6 135 600  -> ok set 6 -> 135 ms=600
  pose 90 60 38 7 90 135 1000  -> ok pose 90 60 38 7 90 135 ms=1000
  pose 90 80 50 50 90 135 1200  -> ok pose 90 80 50 50 90 135 ms=1200
  locate(sim, grip 135) = green
  try 4: the cube is still on the table — try again
  base = 90
  pre = 60 38 7
  grasp = 52 27 26
  try 5: grasp at base 90
  set 6 30 500  -> ok set 6 -> 30 ms=500
  pose 90 80 50 50 90 30 1200  -> ok pose 90 80 50 50 90 30 ms=1200
  lower(here 30) = ok 2.8
  set 6 135 600  -> ok set 6 -> 135 ms=600
  pose 90 60 38 7 90 135 1000  -> ok pose 90 60 38 7 90 135 ms=1000
  pose 90 80 50 50 90 135 1200  -> ok pose 90 80 50 50 90 135 ms=1200
  locate(sim, grip 135) = green
  try 5: the cube is still on the table — try again
  base = 90
  pre = 60 38 7
  grasp = 52 27 26
  try 6: grasp at base 90
  set 6 30 500  -> ok set 6 -> 30 ms=500
  pose 90 80 50 50 90 30 1200  -> ok pose 90 80 50 50 90 30 ms=1200
  lower(here 30) = ok 2.8
  set 6 135 600  -> ok set 6 -> 135 ms=600
  pose 90 60 38 7 90 135 1000  -> ok pose 90 60 38 7 90 135 ms=1000
  pose 90 80 50 50 90 135 1200  -> ok pose 90 80 50 50 90 135 ms=1200
  locate(sim, grip 135) = green
  try 6: the cube is still on the table — try again
  base = 90
  pre = 60 38 7
  grasp = 52 27 26
  try 7: grasp at base 90
  set 6 30 500  -> ok set 6 -> 30 ms=500
  pose 90 80 50 50 90 30 1200  -> ok pose 90 80 50 50 90 30 ms=1200
  lower(here 30) = ok 2.8
  set 6 135 600  -> ok set 6 -> 135 ms=600
  pose 90 60 38 7 90 135 1000  -> ok pose 90 60 38 7 90 135 ms=1000
  pose 90 80 50 50 90 135 1200  -> ok pose 90 80 50 50 90 135 ms=1200
  locate(sim, grip 135) = green
  try 7: the cube is still on the table — try again
  base = 90
  pre = 60 38 7
  grasp = 52 27 26
  try 8: grasp at base 90
  set 6 30 500  -> ok set 6 -> 30 ms=500
  pose 90 80 50 50 90 30 1200  -> ok pose 90 80 50 50 90 30 ms=1200
  lower(here 30) = ok 2.8
  set 6 135 600  -> ok set 6 -> 135 ms=600
  pose 90 60 38 7 90 135 1000  -> ok pose 90 60 38 7 90 135 ms=1000
  pose 90 80 50 50 90 135 1200  -> ok pose 90 80 50 50 90 135 ms=1200
  locate(sim, grip 135) = green
  try 8: the cube is still on the table — try again
  base = 90
  pre = 60 38 7
  grasp = 52 27 26
  try 9: grasp at base 90
  set 6 30 500  -> ok set 6 -> 30 ms=500
  pose 90 80 50 50 90 30 1200  -> ok pose 90 80 50 50 90 30 ms=1200
  lower(here 30) = ok 2.8
  set 6 135 600  -> ok set 6 -> 135 ms=600
  pose 90 60 38 7 90 135 1000  -> ok pose 90 60 38 7 90 135 ms=1000
  pose 90 80 50 50 90 135 1200  -> ok pose 90 80 50 50 90 135 ms=1200
  locate(sim, grip 135) = green
  try 9: the cube is still on the table — try again
  base = 90
  pre = 60 38 7
  grasp = 52 27 26
  try 10: grasp at base 90
  set 6 30 500  -> ok set 6 -> 30 ms=500
  pose 90 80 50 50 90 30 1200  -> ok pose 90 80 50 50 90 30 ms=1200
  lower(here 30) = ok 2.8
  set 6 135 600  -> ok set 6 -> 135 ms=600
  pose 90 60 38 7 90 135 1000  -> ok pose 90 60 38 7 90 135 ms=1000
  pose 90 80 50 50 90 135 1200  -> ok pose 90 80 50 50 90 135 ms=1200
  locate(sim, grip 135) = green
  try 10: the cube is still on the table — try again
  gave up after 10 tries
  set 6 30 500  -> ok set 6 -> 30 ms=500
  pose 90 90 90 90 90 30 1500  -> ok pose 90 90 90 90 90 30 ms=1500
== simulator placed at base 0
== 2. real arm (Xinu board)
  pose 90 90 90 90 90 30 1500  -> ok pose 90 90 90 90 90 30 ms=1500
  locate(real, grip 30) = none
  try 1: no cube in view — look again
  locate(real, grip 30) = blue
  base = 123
  pre = 79 15 6
  grasp = 72 0 29
  try 2: grasp at base 123
  set 6 30 500  -> ok set 6 -> 30 ms=500
  pose 123 80 50 50 90 30 1200  -> ok pose 123 80 50 50 90 30 ms=1200
  lower(here 30) = err lower stopped: cannot reach 0.130
  set 6 135 600  -> ok set 6 -> 135 ms=600
  pose 123 79 15 6 90 135 1000  -> ok pose 123 79 15 6 90 135 ms=1000
  pose 123 80 50 50 90 135 1200  -> ok pose 123 80 50 50 90 135 ms=1200
  locate(real, grip 135) = none
  try 2: the table is empty — the cube is in the hand
  blue -> left
  pose 30 80 50 50 90 135 1500  -> ok pose 30 80 50 50 90 135 ms=1500
  lower(30 17 135) = ok 2.8
  set 6 30 600  -> ok set 6 -> 30 ms=600
  pose 30 59 35 10 90 30 1000  -> ok pose 30 59 35 10 90 30 ms=1000
  pose 90 90 90 90 90 30 1800  -> ok pose 90 90 90 90 90 30 ms=1800
== real arm placed at base 30
== done
