Compiler stub: compiler.ml
[info] -f: /Users/kodamay/dofbot_pi5/aipl/r_sort_sim.repl
[script] /Users/kodamay/dofbot_pi5/aipl/r_sort_sim.repl
[script] load /Users/kodamay/dofbot_pi5/aipl/sort_sim.aipl
[Loaded] /Users/kodamay/dofbot_pi5/aipl/sort_sim.aipl
[script] compile
[Defined class Dancer]
[Registered types for class Dancer: go/2]
[Defined class Eye]
[Registered types for class Eye: locate/2, lower/2, held/1, get/2]
[Defined class Planner]
[Registered types for class Planner: sort/4]
[Defined class Main]
[Registered types for class Main: run/3]
[Compiled]
[Script execution completed]
== 1. simulator (Mac)
  pose 90 90 90 90 90 30 1500  -> ok pose 90 90 90 90 90 30 ms=1500
ABCL/c+> 
[REPL thread error] Thread.Exit
  locate(sim, grip 30) = none
  try 1: no cube in view — look again
  locate(sim, grip 30) = none
  try 2: no cube in view — look again
  locate(sim, grip 30) = none
  try 3: no cube in view — look again
  locate(sim, grip 30) = none
  try 4: no cube in view — look again
  locate(sim, grip 30) = none
  try 5: no cube in view — look again
  locate(sim, grip 30) = none
  try 6: no cube in view — look again
  locate(sim, grip 30) = green
  base = 90
  pre = 63 40 2
  grasp = 57 26 22
  try 7: grasp at base 90
  set 6 30 500  -> ok set 6 -> 30 ms=500
  pose 90 80 50 50 90 30 1200  -> ok pose 90 80 50 50 90 30 ms=1200
  lower(here 30) = ok 1.5
  set 6 135 600  -> ok set 6 -> 135 ms=600
  pose 90 63 40 2 90 135 1000  -> ok pose 90 63 40 2 90 135 ms=1000
  pose 90 80 50 50 90 135 1200  -> ok pose 90 80 50 50 90 135 ms=1200
  held(sim) = yes
  try 7: the fingers stopped on the cube — it is in the hand
  green -> right
  pose 150 80 50 50 90 135 1500  -> ok pose 150 80 50 50 90 135 ms=1500
  lower(150 17 135) = ok 1.5
  set 6 30 600  -> ok set 6 -> 30 ms=600
  pose 150 59 35 10 90 30 1000  -> ok pose 150 59 35 10 90 30 ms=1000
  pose 90 90 90 90 90 30 1800  -> ok pose 90 90 90 90 90 30 ms=1800
== simulator placed at base 150
== done
