Compiler stub: compiler.ml
[info] -f: /Users/kodamay/dofbot_pi5/aipl/r_sort.repl
[script] /Users/kodamay/dofbot_pi5/aipl/r_sort.repl
[script] load /Users/kodamay/dofbot_pi5/aipl/sort.aipl
[Loaded] /Users/kodamay/dofbot_pi5/aipl/sort.aipl
[script] compile
[Defined class Dancer]
[Registered types for class Dancer: go/2]
[Defined class Eye]
[Registered types for class Eye: locate/2, lower/2, held/1, get/2]
[Defined class Planner]
[Registered types for class Planner: sort/4]
[Defined class Main]
[Registered types for class Main: run/3]
[Compiled]
[Script execution completed]
== 1. simulator (Mac)
  pose 90 90 90 90 90 30 1500  -> ok pose 90 90 90 90 90 30 ms=1500
ABCL/c+> 
[REPL thread error] Thread.Exit
  locate(sim, grip 30 any) = green
  base = 100
  pre = 61 43 1
  try 1: green cube at base 100
  set 6 30 500  -> ok set 6 -> 30 ms=500
  pose 100 80 50 50 90 30 1200  -> ok pose 100 80 50 50 90 30 ms=1200
  lower(here 30) = ok 1.5
  set 6 135 600  -> ok set 6 -> 135 ms=600
  pose 100 61 43 1 90 135 1000  -> ok pose 100 61 43 1 90 135 ms=1000
  pose 100 80 50 50 90 135 1200  -> ok pose 100 80 50 50 90 135 ms=1200
  held(sim) = no
  try 1: the fingers closed on nothing — open, look again
  set 6 30 500  -> ok set 6 -> 30 ms=500
  locate(sim, grip 30 any) = green
  base = 100
  pre = 61 43 1
  try 2: green cube at base 100
  set 6 30 500  -> ok set 6 -> 30 ms=500
  pose 100 80 50 50 90 30 1200  -> ok pose 100 80 50 50 90 30 ms=1200
  lower(here 30) = ok 1.5
  set 6 135 600  -> ok set 6 -> 135 ms=600
  pose 100 61 43 1 90 135 1000  -> ok pose 100 61 43 1 90 135 ms=1000
  pose 100 80 50 50 90 135 1200  -> ok pose 100 80 50 50 90 135 ms=1200
  held(sim) = no
  try 2: the fingers closed on nothing — open, look again
  set 6 30 500  -> ok set 6 -> 30 ms=500
  locate(sim, grip 30 any) = green
  base = 100
  pre = 61 43 1
  try 3: green cube at base 100
  set 6 30 500  -> ok set 6 -> 30 ms=500
  pose 100 80 50 50 90 30 1200  -> ok pose 100 80 50 50 90 30 ms=1200
  lower(here 30) = ok 1.5
  set 6 135 600  -> ok set 6 -> 135 ms=600
  pose 100 61 43 1 90 135 1000  -> ok pose 100 61 43 1 90 135 ms=1000
  pose 100 80 50 50 90 135 1200  -> ok pose 100 80 50 50 90 135 ms=1200
  held(sim) = no
  try 3: the fingers closed on nothing — open, look again
  set 6 30 500  -> ok set 6 -> 30 ms=500
  locate(sim, grip 30 any) = green
  base = 100
  pre = 61 43 1
  try 4: green cube at base 100
  set 6 30 500  -> ok set 6 -> 30 ms=500
  pose 100 80 50 50 90 30 1200  -> ok pose 100 80 50 50 90 30 ms=1200
  lower(here 30) = ok 1.5
  set 6 135 600  -> ok set 6 -> 135 ms=600
  pose 100 61 43 1 90 135 1000  -> ok pose 100 61 43 1 90 135 ms=1000
  pose 100 80 50 50 90 135 1200  -> ok pose 100 80 50 50 90 135 ms=1200
  held(sim) = no
  try 4: the fingers closed on nothing — open, look again
  set 6 30 500  -> ok set 6 -> 30 ms=500
  locate(sim, grip 30 any) = green
  base = 100
  pre = 61 43 1
  try 5: green cube at base 100
  set 6 30 500  -> ok set 6 -> 30 ms=500
  pose 100 80 50 50 90 30 1200  -> ok pose 100 80 50 50 90 30 ms=1200
  lower(here 30) = ok 1.5
  set 6 135 600  -> ok set 6 -> 135 ms=600
  pose 100 61 43 1 90 135 1000  -> ok pose 100 61 43 1 90 135 ms=1000
  pose 100 80 50 50 90 135 1200  -> ok pose 100 80 50 50 90 135 ms=1200
  held(sim) = no
  try 5: the fingers closed on nothing — open, look again
  set 6 30 500  -> ok set 6 -> 30 ms=500
  locate(sim, grip 30 any) = green
  base = 100
  pre = 61 43 1
  try 6: green cube at base 100
  set 6 30 500  -> ok set 6 -> 30 ms=500
  pose 100 80 50 50 90 30 1200  -> ok pose 100 80 50 50 90 30 ms=1200
  lower(here 30) = ok 1.5
  set 6 135 600  -> ok set 6 -> 135 ms=600
  pose 100 61 43 1 90 135 1000  -> ok pose 100 61 43 1 90 135 ms=1000
  pose 100 80 50 50 90 135 1200  -> ok pose 100 80 50 50 90 135 ms=1200
  held(sim) = no
  try 6: the fingers closed on nothing — open, look again
  set 6 30 500  -> ok set 6 -> 30 ms=500
  locate(sim, grip 30 any) = green
  base = 100
  pre = 61 43 1
  try 7: green cube at base 100
  set 6 30 500  -> ok set 6 -> 30 ms=500
  pose 100 80 50 50 90 30 1200  -> ok pose 100 80 50 50 90 30 ms=1200
  lower(here 30) = ok 1.5
  set 6 135 600  -> ok set 6 -> 135 ms=600
  pose 100 61 43 1 90 135 1000  -> ok pose 100 61 43 1 90 135 ms=1000
  pose 100 80 50 50 90 135 1200  -> ok pose 100 80 50 50 90 135 ms=1200
  held(sim) = no
  try 7: the fingers closed on nothing — open, look again
  set 6 30 500  -> ok set 6 -> 30 ms=500
  locate(sim, grip 30 any) = green
  base = 100
  pre = 61 43 1
  try 8: green cube at base 100
  set 6 30 500  -> ok set 6 -> 30 ms=500
  pose 100 80 50 50 90 30 1200  -> ok pose 100 80 50 50 90 30 ms=1200
  lower(here 30) = ok 1.5
  set 6 135 600  -> ok set 6 -> 135 ms=600
  pose 100 61 43 1 90 135 1000  -> ok pose 100 61 43 1 90 135 ms=1000
  pose 100 80 50 50 90 135 1200  -> ok pose 100 80 50 50 90 135 ms=1200
  held(sim) = no
  try 8: the fingers closed on nothing — open, look again
  set 6 30 500  -> ok set 6 -> 30 ms=500
  locate(sim, grip 30 any) = green
  base = 100
  pre = 61 43 1
  try 9: green cube at base 100
  set 6 30 500  -> ok set 6 -> 30 ms=500
  pose 100 80 50 50 90 30 1200  -> ok pose 100 80 50 50 90 30 ms=1200
  lower(here 30) = ok 1.5
  set 6 135 600  -> ok set 6 -> 135 ms=600
  pose 100 61 43 1 90 135 1000  -> ok pose 100 61 43 1 90 135 ms=1000
  pose 100 80 50 50 90 135 1200  -> ok pose 100 80 50 50 90 135 ms=1200
  held(sim) = no
  try 9: the fingers closed on nothing — open, look again
  set 6 30 500  -> ok set 6 -> 30 ms=500
  locate(sim, grip 30 any) = green
  base = 100
  pre = 61 43 1
  try 10: green cube at base 100
  set 6 30 500  -> ok set 6 -> 30 ms=500
  pose 100 80 50 50 90 30 1200  -> ok pose 100 80 50 50 90 30 ms=1200
  lower(here 30) = ok 1.5
  set 6 135 600  -> ok set 6 -> 135 ms=600
  pose 100 61 43 1 90 135 1000  -> ok pose 100 61 43 1 90 135 ms=1000
  pose 100 80 50 50 90 135 1200  -> ok pose 100 80 50 50 90 135 ms=1200
  held(sim) = no
  try 10: the fingers closed on nothing — open, look again
  set 6 30 500  -> ok set 6 -> 30 ms=500
  locate(sim, grip 30 any) = green
  base = 100
  pre = 61 43 1
  try 11: green cube at base 100
  set 6 30 500  -> ok set 6 -> 30 ms=500
  pose 100 80 50 50 90 30 1200  -> ok pose 100 80 50 50 90 30 ms=1200
  lower(here 30) = ok 1.5
  set 6 135 600  -> ok set 6 -> 135 ms=600
  pose 100 61 43 1 90 135 1000  -> ok pose 100 61 43 1 90 135 ms=1000
  pose 100 80 50 50 90 135 1200  -> ok pose 100 80 50 50 90 135 ms=1200
  held(sim) = no
  try 11: the fingers closed on nothing — open, look again
  set 6 30 500  -> ok set 6 -> 30 ms=500
  locate(sim, grip 30 any) = green
  base = 100
  pre = 61 43 1
  try 12: green cube at base 100
  set 6 30 500  -> ok set 6 -> 30 ms=500
  pose 100 80 50 50 90 30 1200  -> ok pose 100 80 50 50 90 30 ms=1200
  lower(here 30) = ok 1.5
  set 6 135 600  -> ok set 6 -> 135 ms=600
  pose 100 61 43 1 90 135 1000  -> ok pose 100 61 43 1 90 135 ms=1000
  pose 100 80 50 50 90 135 1200  -> ok pose 100 80 50 50 90 135 ms=1200
  held(sim) = no
  try 12: the fingers closed on nothing — open, look again
  set 6 30 500  -> ok set 6 -> 30 ms=500
  locate(sim, grip 30 any) = green
  base = 100
  pre = 61 43 1
  try 13: green cube at base 100
  set 6 30 500  -> ok set 6 -> 30 ms=500
  pose 100 80 50 50 90 30 1200  -> ok pose 100 80 50 50 90 30 ms=1200
  lower(here 30) = ok 1.5
  set 6 135 600  -> ok set 6 -> 135 ms=600
  pose 100 61 43 1 90 135 1000  -> ok pose 100 61 43 1 90 135 ms=1000
  pose 100 80 50 50 90 135 1200  -> ok pose 100 80 50 50 90 135 ms=1200
  held(sim) = no
  try 13: the fingers closed on nothing — open, look again
  set 6 30 500  -> ok set 6 -> 30 ms=500
  locate(sim, grip 30 any) = green
  base = 100
  pre = 61 43 1
  try 14: green cube at base 100
  set 6 30 500  -> ok set 6 -> 30 ms=500
  pose 100 80 50 50 90 30 1200  -> ok pose 100 80 50 50 90 30 ms=1200
  lower(here 30) = ok 1.5
  set 6 135 600  -> ok set 6 -> 135 ms=600
  pose 100 61 43 1 90 135 1000  -> ok pose 100 61 43 1 90 135 ms=1000
  pose 100 80 50 50 90 135 1200  -> ok pose 100 80 50 50 90 135 ms=1200
  held(sim) = no
  try 14: the fingers closed on nothing — open, look again
  set 6 30 500  -> ok set 6 -> 30 ms=500
  locate(sim, grip 30 any) = green
  base = 100
  pre = 61 43 1
  try 15: green cube at base 100
  set 6 30 500  -> ok set 6 -> 30 ms=500
  pose 100 80 50 50 90 30 1200  -> ok pose 100 80 50 50 90 30 ms=1200
  lower(here 30) = ok 1.5
  set 6 135 600  -> ok set 6 -> 135 ms=600
  pose 100 61 43 1 90 135 1000  -> ok pose 100 61 43 1 90 135 ms=1000
  pose 100 80 50 50 90 135 1200  -> ok pose 100 80 50 50 90 135 ms=1200
  held(sim) = no
  try 15: the fingers closed on nothing — open, look again
  set 6 30 500  -> ok set 6 -> 30 ms=500
  locate(sim, grip 30 any) = green
  base = 100
  pre = 61 43 1
  try 16: green cube at base 100
  set 6 30 500  -> ok set 6 -> 30 ms=500
  pose 100 80 50 50 90 30 1200  -> ok pose 100 80 50 50 90 30 ms=1200
  lower(here 30) = ok 1.5
  set 6 135 600  -> ok set 6 -> 135 ms=600
  pose 100 61 43 1 90 135 1000  -> ok pose 100 61 43 1 90 135 ms=1000
  pose 100 80 50 50 90 135 1200  -> ok pose 100 80 50 50 90 135 ms=1200
  held(sim) = no
  try 16: the fingers closed on nothing — open, look again
  set 6 30 500  -> ok set 6 -> 30 ms=500
  locate(sim, grip 30 any) = green
  base = 100
  pre = 61 43 1
  try 17: green cube at base 100
  set 6 30 500  -> ok set 6 -> 30 ms=500
  pose 100 80 50 50 90 30 1200  -> ok pose 100 80 50 50 90 30 ms=1200
  lower(here 30) = ok 1.5
  set 6 135 600  -> ok set 6 -> 135 ms=600
  pose 100 61 43 1 90 135 1000  -> ok pose 100 61 43 1 90 135 ms=1000
  pose 100 80 50 50 90 135 1200  -> ok pose 100 80 50 50 90 135 ms=1200
  held(sim) = no
  try 17: the fingers closed on nothing — open, look again
  set 6 30 500  -> ok set 6 -> 30 ms=500
  locate(sim, grip 30 any) = green
  base = 100
  pre = 61 43 1
  try 18: green cube at base 100
  set 6 30 500  -> ok set 6 -> 30 ms=500
  pose 100 80 50 50 90 30 1200  -> ok pose 100 80 50 50 90 30 ms=1200
  lower(here 30) = ok 1.5
  set 6 135 600  -> ok set 6 -> 135 ms=600
  pose 100 61 43 1 90 135 1000  -> ok pose 100 61 43 1 90 135 ms=1000
  pose 100 80 50 50 90 135 1200  -> ok pose 100 80 50 50 90 135 ms=1200
  held(sim) = no
  try 18: the fingers closed on nothing — open, look again
  set 6 30 500  -> ok set 6 -> 30 ms=500
  locate(sim, grip 30 any) = green
  base = 100
  pre = 61 43 1
  try 19: green cube at base 100
  set 6 30 500  -> ok set 6 -> 30 ms=500
  pose 100 80 50 50 90 30 1200  -> ok pose 100 80 50 50 90 30 ms=1200
  lower(here 30) = ok 1.5
  set 6 135 600  -> ok set 6 -> 135 ms=600
  pose 100 61 43 1 90 135 1000  -> ok pose 100 61 43 1 90 135 ms=1000
  pose 100 80 50 50 90 135 1200  -> ok pose 100 80 50 50 90 135 ms=1200
  held(sim) = no
  try 19: the fingers closed on nothing — open, look again
  set 6 30 500  -> ok set 6 -> 30 ms=500
  locate(sim, grip 30 any) = green
  base = 100
  pre = 61 43 1
  try 20: green cube at base 100
  set 6 30 500  -> ok set 6 -> 30 ms=500
  pose 100 80 50 50 90 30 1200  -> ok pose 100 80 50 50 90 30 ms=1200
  lower(here 30) = ok 1.5
  set 6 135 600  -> ok set 6 -> 135 ms=600
  pose 100 61 43 1 90 135 1000  -> ok pose 100 61 43 1 90 135 ms=1000
  pose 100 80 50 50 90 135 1200  -> ok pose 100 80 50 50 90 135 ms=1200
  held(sim) = no
  try 20: the fingers closed on nothing — open, look again
  set 6 30 500  -> ok set 6 -> 30 ms=500
  locate(sim, grip 30 any) = green
  base = 100
  pre = 61 43 1
  try 21: green cube at base 100
  set 6 30 500  -> ok set 6 -> 30 ms=500
  pose 100 80 50 50 90 30 1200  -> ok pose 100 80 50 50 90 30 ms=1200
  lower(here 30) = ok 1.5
  set 6 135 600  -> ok set 6 -> 135 ms=600
  pose 100 61 43 1 90 135 1000  -> ok pose 100 61 43 1 90 135 ms=1000
  pose 100 80 50 50 90 135 1200  -> ok pose 100 80 50 50 90 135 ms=1200
  held(sim) = no
  try 21: the fingers closed on nothing — open, look again
  set 6 30 500  -> ok set 6 -> 30 ms=500
  locate(sim, grip 30 any) = green
  base = 100
  pre = 61 43 1
  try 22: green cube at base 100
  set 6 30 500  -> ok set 6 -> 30 ms=500
  pose 100 80 50 50 90 30 1200  -> ok pose 100 80 50 50 90 30 ms=1200
  lower(here 30) = ok 1.5
  set 6 135 600  -> ok set 6 -> 135 ms=600
  pose 100 61 43 1 90 135 1000  -> ok pose 100 61 43 1 90 135 ms=1000
  pose 100 80 50 50 90 135 1200  -> ok pose 100 80 50 50 90 135 ms=1200
  held(sim) = no
  try 22: the fingers closed on nothing — open, look again
  set 6 30 500  -> ok set 6 -> 30 ms=500
  locate(sim, grip 30 any) = green
  base = 100
  pre = 61 43 1
  try 23: green cube at base 100
  set 6 30 500  -> ok set 6 -> 30 ms=500
  pose 100 80 50 50 90 30 1200  -> ok pose 100 80 50 50 90 30 ms=1200
  lower(here 30) = ok 1.5
  set 6 135 600  -> ok set 6 -> 135 ms=600
  pose 100 61 43 1 90 135 1000  -> ok pose 100 61 43 1 90 135 ms=1000
  pose 100 80 50 50 90 135 1200  -> ok pose 100 80 50 50 90 135 ms=1200
  held(sim) = no
  try 23: the fingers closed on nothing — open, look again
  set 6 30 500  -> ok set 6 -> 30 ms=500
  locate(sim, grip 30 any) = green
  base = 100
  pre = 61 43 1
  try 24: green cube at base 100
  set 6 30 500  -> ok set 6 -> 30 ms=500
  pose 100 80 50 50 90 30 1200  -> ok pose 100 80 50 50 90 30 ms=1200
  lower(here 30) = ok 1.5
  set 6 135 600  -> ok set 6 -> 135 ms=600
  pose 100 61 43 1 90 135 1000  -> ok pose 100 61 43 1 90 135 ms=1000
  pose 100 80 50 50 90 135 1200  -> ok pose 100 80 50 50 90 135 ms=1200
  held(sim) = no
  try 24: the fingers closed on nothing — open, look again
  set 6 30 500  -> ok set 6 -> 30 ms=500
  locate(sim, grip 30 any) = green
  base = 100
  pre = 61 43 1
  try 25: green cube at base 100
  set 6 30 500  -> ok set 6 -> 30 ms=500
  pose 100 80 50 50 90 30 1200  -> ok pose 100 80 50 50 90 30 ms=1200
  lower(here 30) = ok 1.5
  set 6 135 600  -> ok set 6 -> 135 ms=600
  pose 100 61 43 1 90 135 1000  -> ok pose 100 61 43 1 90 135 ms=1000
  pose 100 80 50 50 90 135 1200  -> ok pose 100 80 50 50 90 135 ms=1200
  held(sim) = no
  try 25: the fingers closed on nothing — open, look again
  set 6 30 500  -> ok set 6 -> 30 ms=500
  locate(sim, grip 30 any) = green
  base = 100
  pre = 61 43 1
  try 26: green cube at base 100
  set 6 30 500  -> ok set 6 -> 30 ms=500
  pose 100 80 50 50 90 30 1200  -> ok pose 100 80 50 50 90 30 ms=1200
  lower(here 30) = ok 1.5
  set 6 135 600  -> ok set 6 -> 135 ms=600
  pose 100 61 43 1 90 135 1000  -> ok pose 100 61 43 1 90 135 ms=1000
  pose 100 80 50 50 90 135 1200  -> ok pose 100 80 50 50 90 135 ms=1200
  held(sim) = no
  try 26: the fingers closed on nothing — open, look again
  set 6 30 500  -> ok set 6 -> 30 ms=500
  locate(sim, grip 30 any) = green
  base = 100
  pre = 61 43 1
  try 27: green cube at base 100
  set 6 30 500  -> ok set 6 -> 30 ms=500
  pose 100 80 50 50 90 30 1200  -> ok pose 100 80 50 50 90 30 ms=1200
  lower(here 30) = ok 1.5
  set 6 135 600  -> ok set 6 -> 135 ms=600
  pose 100 61 43 1 90 135 1000  -> ok pose 100 61 43 1 90 135 ms=1000
  pose 100 80 50 50 90 135 1200  -> ok pose 100 80 50 50 90 135 ms=1200
  held(sim) = no
  try 27: the fingers closed on nothing — open, look again
  set 6 30 500  -> ok set 6 -> 30 ms=500
  locate(sim, grip 30 any) = green
  base = 100
  pre = 61 43 1
  try 28: green cube at base 100
  set 6 30 500  -> ok set 6 -> 30 ms=500
  pose 100 80 50 50 90 30 1200  -> ok pose 100 80 50 50 90 30 ms=1200
  lower(here 30) = ok 1.5
  set 6 135 600  -> ok set 6 -> 135 ms=600
  pose 100 61 43 1 90 135 1000  -> ok pose 100 61 43 1 90 135 ms=1000
  pose 100 80 50 50 90 135 1200  -> ok pose 100 80 50 50 90 135 ms=1200
  held(sim) = no
  try 28: the fingers closed on nothing — open, look again
  set 6 30 500  -> ok set 6 -> 30 ms=500
  locate(sim, grip 30 any) = green
  base = 100
  pre = 61 43 1
  try 29: green cube at base 100
  set 6 30 500  -> ok set 6 -> 30 ms=500
  pose 100 80 50 50 90 30 1200  -> ok pose 100 80 50 50 90 30 ms=1200
  lower(here 30) = ok 1.5
  set 6 135 600  -> ok set 6 -> 135 ms=600
  pose 100 61 43 1 90 135 1000  -> ok pose 100 61 43 1 90 135 ms=1000
  pose 100 80 50 50 90 135 1200  -> ok pose 100 80 50 50 90 135 ms=1200
  held(sim) = no
  try 29: the fingers closed on nothing — open, look again
  set 6 30 500  -> ok set 6 -> 30 ms=500
  locate(sim, grip 30 any) = green
  base = 100
  pre = 61 43 1
  try 30: green cube at base 100
  set 6 30 500  -> ok set 6 -> 30 ms=500
  pose 100 80 50 50 90 30 1200  -> ok pose 100 80 50 50 90 30 ms=1200
  lower(here 30) = ok 1.5
  set 6 135 600  -> ok set 6 -> 135 ms=600
  pose 100 61 43 1 90 135 1000  -> ok pose 100 61 43 1 90 135 ms=1000
  pose 100 80 50 50 90 135 1200  -> ok pose 100 80 50 50 90 135 ms=1200
  held(sim) = no
  try 30: the fingers closed on nothing — open, look again
  set 6 30 500  -> ok set 6 -> 30 ms=500
  pose 90 90 90 90 90 30 1800  -> ok pose 90 90 90 90 90 30 ms=1800
  gave up after 30 tries
== simulator placed 0 cube(s)
== 2. real arm (Xinu board)
  pose 90 90 90 90 90 30 1500  -> ok pose 90 90 90 90 90 30 ms=1500
  locate(real, grip 30 any) = blue
  base = 114
  pre = 62 39 10
  try 1: blue cube at base 114
  set 6 30 500  -> ok set 6 -> 30 ms=500
  pose 114 80 50 50 90 30 1200  -> ok pose 114 80 50 50 90 30 ms=1200
  lower(here 30) = ok 1.5
  set 6 135 600  -> ok set 6 -> 135 ms=600
  pose 114 62 39 10 90 135 1000  -> ok pose 114 62 39 10 90 135 ms=1000
  pose 114 80 50 50 90 135 1200  -> ok pose 114 80 50 50 90 135 ms=1200
  held(real) = no
  try 1: the fingers closed on nothing — open, look again
  set 6 30 500  -> ok set 6 -> 30 ms=500
  locate(real, grip 30 any) = none
  try 2: no cube in view — look again
  locate(real, grip 30 any) = green
  base = 91
  pre = 62 41 1
  try 3: green cube at base 91
  set 6 30 500  -> ok set 6 -> 30 ms=500
  pose 91 80 50 50 90 30 1200  -> ok pose 91 80 50 50 90 30 ms=1200
  lower(here 30) = ok 1.5
  set 6 135 600  -> ok set 6 -> 135 ms=600
  pose 91 62 41 1 90 135 1000  -> ok pose 91 62 41 1 90 135 ms=1000
  pose 91 80 50 50 90 135 1200  -> ok pose 91 80 50 50 90 135 ms=1200
  held(real) = no
  try 3: the fingers closed on nothing — open, look again
  set 6 30 500  -> ok set 6 -> 30 ms=500
  locate(real, grip 30 any) = blue
  base = 111
  pre = 50 58 3
  try 4: blue cube at base 111
  set 6 30 500  -> ok set 6 -> 30 ms=500
  pose 111 80 50 50 90 30 1200  -> ok pose 111 80 50 50 90 30 ms=1200
  lower(here 30) = ok 1.5
  set 6 135 600  -> ok set 6 -> 135 ms=600
  pose 111 50 58 3 90 135 1000  -> ok pose 111 50 58 3 90 135 ms=1000
  pose 111 80 50 50 90 135 1200  -> FAIL pose rc=-2 111 80 50 50 90 135 ms=1200
  held(real) = err
  try 4: the fingers closed on nothing — open, look again
  set 6 30 500  -> ok set 6 -> 30 ms=500
  locate(real, grip 30 any) = err
  base = 111
  pre = 50 58 3
  try 5: err cube at base 111
  set 6 30 500  -> ok set 6 -> 30 ms=500
  pose 111 80 50 50 90 30 1200  -> ok pose 111 80 50 50 90 30 ms=1200
  lower(here 30) = ok 1.5
  set 6 135 600  -> ok set 6 -> 135 ms=600
  pose 111 50 58 3 90 135 1000  -> ok pose 111 50 58 3 90 135 ms=1000
  pose 111 80 50 50 90 135 1200  -> ok pose 111 80 50 50 90 135 ms=1200
  held(real) = err
  try 5: the fingers closed on nothing — open, look again
  set 6 30 500  -> ok set 6 -> 30 ms=500
  locate(real, grip 30 any) = err
  base = none
  pre = none
  try 6: err cube at base none
  set 6 30 500  -> ok set 6 -> 30 ms=500
  pose none 80 50 50 90 30 1200  -> usage: arm pose a1 a2 a3 a4 a5 a6 [ms]
  lower(here 30) = err no cube located
  set 6 135 600  -> ok set 6 -> 135 ms=600
  pose none none 90 135 1000  -> usage: arm pose a1 a2 a3 a4 a5 a6 [ms]
  pose none 80 50 50 90 135 1200  -> usage: arm pose a1 a2 a3 a4 a5 a6 [ms]
  held(real) = err
  try 6: the fingers closed on nothing — open, look again
  set 6 30 500  -> ok set 6 -> 30 ms=500
