Compiler stub: compiler.ml
[info] -f: /Users/kodamay/dofbot_pi5/aipl/r_sort.repl
[script] /Users/kodamay/dofbot_pi5/aipl/r_sort.repl
[script] load /Users/kodamay/dofbot_pi5/aipl/sort.aipl
[Loaded] /Users/kodamay/dofbot_pi5/aipl/sort.aipl
[script] compile
[Defined class Dancer]
[Registered types for class Dancer: go/2]
[Defined class Eye]
[Registered types for class Eye: look/2]
[Defined class Planner]
[Registered types for class Planner: sort/4]
[Defined class Main]
[Registered types for class Main: run/3]
[Compiled]
[Script execution completed]
== 1. simulator (Mac)
  pose 90 90 90 90 90 30 1500  -> ok pose 90 90 90 90 90 30 ms=1500
  pose 90 84 3 18 90 30 1500  -> ok pose 90 84 3 18 90 30 ms=1500
ABCL/c+> 
[REPL thread error] Thread.Exit
  color(sim at 90 84 3 18) = green
  pose 90 59 35 10 90 30 1200  -> ok pose 90 59 35 10 90 30 ms=1200
  pose 90 39 28 38 90 30 1200  -> ok pose 90 39 28 38 90 30 ms=1200
  set 6 135 600  -> ok set 6 -> 135 ms=600
  pose 90 59 35 10 90 135 1000  -> ok pose 90 59 35 10 90 135 ms=1000
  pose 90 80 50 50 90 135 1200  -> ok pose 90 80 50 50 90 135 ms=1200
  green -> right
  pose 150 80 50 50 90 135 1500  -> ok pose 150 80 50 50 90 135 ms=1500
  pose 150 59 35 10 90 135 1200  -> ok pose 150 59 35 10 90 135 ms=1200
  pose 150 39 28 38 90 135 1200  -> ok pose 150 39 28 38 90 135 ms=1200
  set 6 30 600  -> ok set 6 -> 30 ms=600
  pose 150 59 35 10 90 30 1000  -> ok pose 150 59 35 10 90 30 ms=1000
  pose 90 90 90 90 90 30 1800  -> ok pose 90 90 90 90 90 30 ms=1800
== simulator placed at base 150
== 2. real arm (Xinu board)
  pose 90 90 90 90 90 30 1500  -> ok pose 90 90 90 90 90 30 ms=1500
  pose 90 84 3 18 90 30 1500  -> ok pose 90 84 3 18 90 30 ms=1500
  color(real at 90 84 3 18) = none
  pose 90 59 35 10 90 30 1200  -> ok pose 90 59 35 10 90 30 ms=1200
  pose 90 39 28 38 90 30 1200  -> ok pose 90 39 28 38 90 30 ms=1200
  set 6 135 600  -> ok set 6 -> 135 ms=600
  pose 90 59 35 10 90 135 1000  -> ok pose 90 59 35 10 90 135 ms=1000
  pose 90 80 50 50 90 135 1200  -> ok pose 90 80 50 50 90 135 ms=1200
  no color -> put back
  pose 90 80 50 50 90 135 1500  -> ok pose 90 80 50 50 90 135 ms=1500
  pose 90 59 35 10 90 135 1200  -> ok pose 90 59 35 10 90 135 ms=1200
  pose 90 39 28 38 90 135 1200  -> ok pose 90 39 28 38 90 135 ms=1200
  set 6 30 600  -> ok set 6 -> 30 ms=600
  pose 90 59 35 10 90 30 1000  -> ok pose 90 59 35 10 90 30 ms=1000
  pose 90 90 90 90 90 30 1800  -> ok pose 90 90 90 90 90 30 ms=1800
== real arm placed at base 90
== done
