Compiler stub: compiler.ml
[info] -f: /Users/kodamay/dofbot_pi5/aipl/r_sort.repl
[script] /Users/kodamay/dofbot_pi5/aipl/r_sort.repl
[script] load /Users/kodamay/dofbot_pi5/aipl/sort.aipl
[Loaded] /Users/kodamay/dofbot_pi5/aipl/sort.aipl
[script] compile
[Defined class Dancer]
[Registered types for class Dancer: go/2]
[Defined class Eye]
[Registered types for class Eye: locate/2, lower/2, held/1, get/2]
[Defined class Planner]
[Registered types for class Planner: sort/4]
[Defined class Main]
[Registered types for class Main: run/3]
[Compiled]
[Script execution completed]
== 1. simulator (Mac)
  pose 90 90 90 90 90 30 2600  -> ok pose 90 90 90 90 90 30 ms=2600
ABCL/c+> 
[REPL thread error] Thread.Exit
  locate(sim, grip 30 any) = green
  base = 90
  pre = 60 44 1
  try 1: green cube at base 90
  set 6 30 500  -> ok set 6 -> 30 ms=500
  pose 90 80 50 50 90 30 2000  -> ok pose 90 80 50 50 90 30 ms=2000
  lower(here 30) = ok 1.5
  set 6 145 600  -> ok set 6 -> 145 ms=600
  pose 90 60 44 1 90 145 1700  -> ok pose 90 60 44 1 90 145 ms=1700
  pose 90 80 50 50 90 145 2000  -> ok pose 90 80 50 50 90 145 ms=2000
  held(sim) = yes
  green -> right
  pose 150 80 50 50 90 145 2600  -> ok pose 150 80 50 50 90 145 ms=2600
  lower(150 17 145) = ok 1.5
  set 6 30 600  -> ok set 6 -> 30 ms=600
  pose 150 80 50 50 90 30 2000  -> ok pose 150 80 50 50 90 30 ms=2000
  placed 1 cube(s)
  locate(sim, grip 30 blue) = none
  no more cubes in reach — done
  pose 90 90 90 90 90 30 3100  -> ok pose 90 90 90 90 90 30 ms=3100
== simulator placed 1 cube(s)
== 2. real arm (Xinu board)
  pose 90 90 90 90 90 30 2600  -> ok pose 90 90 90 90 90 30 ms=2600
  locate(real, grip 30 any) = green
  base = 98
  pre = 60 41 9
  try 1: green cube at base 98
  set 6 30 500  -> ok set 6 -> 30 ms=500
  pose 98 80 50 50 90 30 2000  -> ok pose 98 80 50 50 90 30 ms=2000
  lower(here 30) = ok 1.5
  set 6 145 600  -> ok set 6 -> 145 ms=600
  pose 98 60 41 9 90 145 1700  -> ok pose 98 60 41 9 90 145 ms=1700
  pose 98 80 50 50 90 145 2000  -> ok pose 98 80 50 50 90 145 ms=2000
  held(real) = no
  try 1: the fingers closed on nothing — open, look again
  set 6 30 500  -> ok set 6 -> 30 ms=500
  locate(real, grip 30 any) = green
  base = 97
  pre = 58 44 8
  try 2: green cube at base 97
  set 6 30 500  -> ok set 6 -> 30 ms=500
  pose 97 80 50 50 90 30 2000  -> ok pose 97 80 50 50 90 30 ms=2000
  lower(here 30) = ok 1.5
  set 6 145 600  -> ok set 6 -> 145 ms=600
  pose 97 58 44 8 90 145 1700  -> ok pose 97 58 44 8 90 145 ms=1700
  pose 97 80 50 50 90 145 2000  -> ok pose 97 80 50 50 90 145 ms=2000
  held(real) = no
  try 2: the fingers closed on nothing — open, look again
  set 6 30 500  -> ok set 6 -> 30 ms=500
  locate(real, grip 30 any) = none
  try 3: no cube in reach — survey again
  locate(real, grip 30 any) = none
  try 4: no cube in reach — survey again
  locate(real, grip 30 any) = green
  base = 98
  pre = 54 50 6
  try 5: green cube at base 98
  set 6 30 500  -> ok set 6 -> 30 ms=500
  pose 98 80 50 50 90 30 2000  -> ok pose 98 80 50 50 90 30 ms=2000
  lower(here 30) = ok 1.5
  set 6 145 600  -> ok set 6 -> 145 ms=600
  pose 98 54 50 6 90 145 1700  -> ok pose 98 54 50 6 90 145 ms=1700
  pose 98 80 50 50 90 145 2000  -> ok pose 98 80 50 50 90 145 ms=2000
  held(real) = no
  try 5: the fingers closed on nothing — open, look again
  set 6 30 500  -> ok set 6 -> 30 ms=500
  locate(real, grip 30 any) = none
  no cube in reach after 3 surveys
  pose 90 90 90 90 90 30 3100  -> ok pose 90 90 90 90 90 30 ms=3100
== real arm placed 0 cube(s)
== done
