Compiler stub: compiler.ml
[info] -f: /Users/kodamay/dofbot_pi5/aipl/r_sort.repl
[script] /Users/kodamay/dofbot_pi5/aipl/r_sort.repl
[script] load /Users/kodamay/dofbot_pi5/aipl/sort.aipl
[Loaded] /Users/kodamay/dofbot_pi5/aipl/sort.aipl
[script] compile
[Defined class Dancer]
[Registered types for class Dancer: go/2]
[Defined class Eye]
[Registered types for class Eye: locate/2, lower/2, held/1, get/2]
[Defined class Planner]
[Registered types for class Planner: sort/4]
[Defined class Main]
[Registered types for class Main: run/3]
[Compiled]
[Script execution completed]
== 1. simulator (Mac)
  pose 90 90 90 90 90 30 2600  -> ok pose 90 90 90 90 90 30 ms=2600
ABCL/c+> 
[REPL thread error] Thread.Exit
  locate(sim, grip 30 any) = green
  base = 100
  pre = 61 43 1
  try 1: green cube at base 100
  set 6 30 500  -> ok set 6 -> 30 ms=500
  pose 100 80 50 50 90 30 2000  -> ok pose 100 80 50 50 90 30 ms=2000
  lower(here 30) = ok 1.5
  set 6 145 600  -> ok set 6 -> 145 ms=600
  pose 100 61 43 1 90 145 1700  -> ok pose 100 61 43 1 90 145 ms=1700
  pose 100 80 50 50 90 145 2000  -> ok pose 100 80 50 50 90 145 ms=2000
  held(sim) = yes
  green -> right
  pose 150 80 50 50 90 145 2600  -> ok pose 150 80 50 50 90 145 ms=2600
  lower(150 17 145) = ok 1.5
  set 6 30 600  -> ok set 6 -> 30 ms=600
  pose 150 80 50 50 90 30 2000  -> ok pose 150 80 50 50 90 30 ms=2000
  placed 1 cube(s)
  locate(sim, grip 30 blue) = blue
  base = 81
  pre = 61 43 1
  try 2: blue cube at base 81
  set 6 30 500  -> ok set 6 -> 30 ms=500
  pose 81 80 50 50 90 30 2000  -> ok pose 81 80 50 50 90 30 ms=2000
  lower(here 30) = ok 1.5
  set 6 145 600  -> ok set 6 -> 145 ms=600
  pose 81 61 43 1 90 145 1700  -> ok pose 81 61 43 1 90 145 ms=1700
  pose 81 80 50 50 90 145 2000  -> ok pose 81 80 50 50 90 145 ms=2000
  held(sim) = yes
  blue -> left
  pose 30 80 50 50 90 145 2600  -> ok pose 30 80 50 50 90 145 ms=2600
  lower(30 17 145) = ok 1.5
  set 6 30 600  -> ok set 6 -> 30 ms=600
  pose 30 80 50 50 90 30 2000  -> ok pose 30 80 50 50 90 30 ms=2000
  placed 2 cube(s)
  pose 90 90 90 90 90 30 3100  -> ok pose 90 90 90 90 90 30 ms=3100
== simulator placed 2 cube(s)
== 2. real arm (Xinu board)
  pose 90 90 90 90 90 30 2600  -> ok pose 90 90 90 90 90 30 ms=2600
  locate(real, grip 30 any) = blue
  base = 76
  pre = 53 52 5
  try 1: blue cube at base 76
  set 6 30 500  -> ok set 6 -> 30 ms=500
  pose 76 80 50 50 90 30 2000  -> ok pose 76 80 50 50 90 30 ms=2000
  lower(here 30) = ok 1.5
  set 6 145 600  -> ok set 6 -> 145 ms=600
  pose 76 53 52 5 90 145 1700  -> ok pose 76 53 52 5 90 145 ms=1700
  pose 76 80 50 50 90 145 2000  -> ok pose 76 80 50 50 90 145 ms=2000
  held(real) = no
  try 1: the fingers closed on nothing — open, look again
  set 6 30 500  -> ok set 6 -> 30 ms=500
  locate(real, grip 30 any) = blue
  base = 76
  pre = 56 42 16
  try 2: blue cube at base 76
  set 6 30 500  -> ok set 6 -> 30 ms=500
  pose 76 80 50 50 90 30 2000  -> ok pose 76 80 50 50 90 30 ms=2000
  lower(here 30) = ok 1.5
  set 6 145 600  -> ok set 6 -> 145 ms=600
  pose 76 56 42 16 90 145 1700  -> ok pose 76 56 42 16 90 145 ms=1700
  pose 76 80 50 50 90 145 2000  -> ok pose 76 80 50 50 90 145 ms=2000
  held(real) = no
  try 2: the fingers closed on nothing — open, look again
  set 6 30 500  -> ok set 6 -> 30 ms=500
  locate(real, grip 30 any) = green
  base = 109
  pre = 59 38 18
  try 3: green cube at base 109
  set 6 30 500  -> ok set 6 -> 30 ms=500
  pose 109 80 50 50 90 30 2000  -> ok pose 109 80 50 50 90 30 ms=2000
  lower(here 30) = ok 1.5
  set 6 145 600  -> ok set 6 -> 145 ms=600
  pose 109 59 38 18 90 145 1700  -> ok pose 109 59 38 18 90 145 ms=1700
  pose 109 80 50 50 90 145 2000  -> ok pose 109 80 50 50 90 145 ms=2000
  held(real) = no
  try 3: the fingers closed on nothing — open, look again
  set 6 30 500  -> ok set 6 -> 30 ms=500
  locate(real, grip 30 any) = err
  base = 109
  pre = 59 38 18
  try 4: err cube at base 109
  set 6 30 500  -> ok set 6 -> 30 ms=500
  pose 109 80 50 50 90 30 2000  -> ok pose 109 80 50 50 90 30 ms=2000
  lower(here 30) = ok 1.5
  set 6 145 600  -> ok set 6 -> 145 ms=600
  pose 109 59 38 18 90 145 1700  -> ok pose 109 59 38 18 90 145 ms=1700
  pose 109 80 50 50 90 145 2000  -> ok pose 109 80 50 50 90 145 ms=2000
  held(real) = no
  try 4: the fingers closed on nothing — open, look again
  set 6 30 500  -> ok set 6 -> 30 ms=500
  locate(real, grip 30 any) = green
  base = 122
  pre = 54 40 26
  try 5: green cube at base 122
  set 6 30 500  -> ok set 6 -> 30 ms=500
  pose 122 80 50 50 90 30 2000  -> ok pose 122 80 50 50 90 30 ms=2000
  lower(here 30) = ok 1.5
  set 6 145 600  -> ok set 6 -> 145 ms=600
  pose 122 54 40 26 90 145 1700  -> ok pose 122 54 40 26 90 145 ms=1700
  pose 122 80 50 50 90 145 2000  -> ok pose 122 80 50 50 90 145 ms=2000
  held(real) = no
  try 5: the fingers closed on nothing — open, look again
  set 6 30 500  -> ok set 6 -> 30 ms=500
  locate(real, grip 30 any) = none
  try 6: no cube in view — look again
  locate(real, grip 30 any) = err
  base = 28
  pre = 68 33 4
  try 7: err cube at base 28
  set 6 30 500  -> ok set 6 -> 30 ms=500
  pose 28 80 50 50 90 30 2000  -> ok pose 28 80 50 50 90 30 ms=2000
  lower(here 30) = ok 1.5
  set 6 145 600  -> ok set 6 -> 145 ms=600
  pose 28 68 33 4 90 145 1700  -> ok pose 28 68 33 4 90 145 ms=1700
  pose 28 80 50 50 90 145 2000  -> ok pose 28 80 50 50 90 145 ms=2000
  held(real) = no
  try 7: the fingers closed on nothing — open, look again
  set 6 30 500  -> ok set 6 -> 30 ms=500
